==========================================
启动命令
==========================================
完整命令:
CUDA_VISIBLE_DEVICES=0 \
python train.py task=LinkerHandHora headless=True seed=42 \
  train.ppo.output_name=LinkerHandHora/spaceE_curriculum_waypointfixed_0.25_20251209_142019 \
  train.algo=PPOTeacher \
  task.env.grasp_cache_name=3_30000_49_nofly \
  task.env.flyingHand.enabled=False \
  task.env.asset.handAsset='assets/linker_hand/L25_dof_urdf.urdf' \
  task.env.numActions=21 \
  task.env.numObservations=126 \
  train.ppo.max_agent_steps=10000000000 \
  task.env.initPoseMode=low \
  task.env.relative_z_drop_threshold=0.04 \
  task.env.pencil_tilt_threshold=0.04 \
  
==========================================

Importing module 'gym_38' (/home/user/Code/isaacgym/python/isaacgym/_bindings/linux-x86_64/gym_38.so)
Setting GYM_USD_PLUG_INFO_PATH to /home/user/Code/isaacgym/python/isaacgym/_bindings/linux-x86_64/usd/plugInfo.json
Gym has been unmaintained since 2022 and does not support NumPy 2.0 amongst other critical functionality.
Please upgrade to Gymnasium, the maintained drop-in replacement of Gym, or contact the authors of your software and request that they upgrade.
Users of this version of Gym should be able to simply replace 'import gym' with 'import gymnasium as gym' in the vast majority of cases.
See the migration guide at https://gymnasium.farama.org/introduction/migration_guide/ for additional information.
PyTorch version 2.4.1
Device count 1
/home/user/Code/isaacgym/python/isaacgym/_bindings/src/gymtorch
Using /home/user/.cache/torch_extensions/py38_cu121 as PyTorch extensions root...
Emitting ninja build file /home/user/.cache/torch_extensions/py38_cu121/gymtorch/build.ninja...
Building extension module gymtorch...
Allowing ninja to set a default number of workers... (overridable by setting the environment variable MAX_JOBS=N)
ninja: no work to do.
Loading extension module gymtorch...
task_name: LinkerHandHora
experiment: 
num_envs: 
seed: 42
physics_engine: physx
pipeline: gpu
sim_device: cuda:0
rl_device: cuda:0
graphics_device_id: 0
num_threads: 4
solver_type: 1
num_subscenes: 0
test: False
checkpoint: 
headless: True
task: 
    name: LinkerHandHora
    physics_engine: physx
    on_evaluation: False
    eval_cache_name: debug
    env: 
        initPoseMode: low
        numEnvs: 4096
        numObservations: 126
        numActions: 21
        envSpacing: 0.5
        flyingHand: 
            enabled: False
            defaultHeight: 0.35
            heightLower: 0.3
            heightUpper: 0.4
            xyLimit: 0.05
            linearVelocity: 0.1
            angularVelocity: 2.0
            basePgain: 10000.0
            baseDgain: 200.0
        asset: 
            handAsset: assets/linker_hand/L25_dof_urdf.urdf
        handBaseInit: 
            position: [0.0, 0.0, 0.35]
            rotation: [0.0, -1.31, 0.0]
        actionSpace: 
            disableRingLittleFinger: True
        episodeLength: 400
        enableDebugVis: False
        aggregateMode: 1
        controller: 
            torque_control: True
            controlFrequencyInv: 10
            pgain: 6
            dgain: 0.2
            action_scale: 0.04167
            torque_limit: 1.5
        rotation_axis: [0, 0, 1]
        genGrasps: False
        genGraspCategory: pencil
        clipObservations: 5.0
        clipActions: 1.0
        relative_z_drop_threshold: 0.04
        pencil_tilt_threshold: 0.04
        grasp_cache_name: 3_30000_49_nofly
        forceScale: 2.0
        randomForceProbScalar: 0.25
        forceDecay: 0.9
        forceDecayInterval: 0.08
        enable_obj_ends: True
        hora: 
            propHistoryLen: 30
            critic_obs_dim: 100
            point_cloud_sampled_dim: 100
            render_slowness: 1
        reward: 
            use_gaussian_angvel_reward: True
            target_angvel: 3.14
            angvel_sigma: 1.0
            angvelClipMin: -0.5
            angvelClipMax: 0.5
            angvelPenaltyThresHigh: 1.0
            angvelPenaltyThresLow: -0.5
            rotate_reward_scale: 1.0
            obj_linvel_penalty_scale: -0.3
            torque_penalty_scale: -0.01
            rotate_penalty_scale: 0.0
            axial_tilt_penalty_scale: -1.5
            axial_tilt_threshold: 0.03
            position_penalty_scale: -0.1
            flying_base_movement_penalty_scale: -0.1
            waypoint_tracking_reward_scale: 3.0
            waypoint_sigma: 0.05
            waypoint_half_period_symmetric: True
            ema_alpha: 0.15
            jitter_penalty_scale: -0.5
            reverse_penalty_scale: -1.0
            log_scale_beta: 1.0
        baseObjScale: 1.0
        randomization: 
            randomizeMass: True
            randomizeMassLower: 0.035
            randomizeMassUpper: 0.048
            randomizeCOM: True
            randomizeCOMLower: -0.002
            randomizeCOMUpper: 0.002
            randomizeFriction: True
            randomizeFrictionLower: 0.4
            randomizeFrictionUpper: 1.2
            randomizeRestitution: True
            randomizeRestitutionLower: 0.1
            randomizeRestitutionUpper: 0.5
            randomizeScale: True
            randomize_hand_scale: False
            scaleListInit: True
            randomizeScaleList: [1.0]
            randomizeScaleLower: 1.0
            randomizeScaleUpper: 1.0
            randomizePDGains: True
            randomizePGainLower: 2.5
            randomizePGainUpper: 3.5
            randomizeDGainLower: 0.09
            randomizeDGainUpper: 0.11
            obs_noise_e_scale: 0.01
            obs_noise_t_scale: 0.005
            pose_noise_scale: 0
            action_noise_e_scale: 0.01
            action_noise_t_scale: 0.005
            jointNoiseScale: 0.0
            noisy_rpy_scale: 0.1
            noisy_pos_scale: 0.02
        privInfo: 
            enableObjPos: True
            enableObjMass: True
            enableObjCOM: True
            enableObjFriction: True
            enable_obj_restitution: True
            enable_tactile: True
            contact_form: gpu_contact
            enable_obj_linvel: True
            enable_obj_angvel: True
            enable_ft_pos: True
            enable_obj_orientation: True
            enable_ft_orientation: False
            enable_ft_linvel: True
            enable_ft_angvel: False
            enable_hand_scale: False
        object: 
            type: cylinder_linkerpen
            evalObjectType: None
            sampleProb: [1.0]
        useVHACD: False
        enableCameraSensors: False
        curriculum: 
            mode: SpaceE
            alpha_start: 0.25
            alpha_end: 1.0
            curriculum_steps: 100000000
            ratio_threshold: 0.05
            success_rot_threshold: 10.0
            use_adaptive_threshold: True
    sim: 
        dt: 0.005
        substeps: 1
        up_axis: z
        use_gpu_pipeline: True
        gravity: [0.0, 0.0, -9.81]
        physx: 
            num_threads: 4
            solver_type: 1
            use_gpu: True
            num_position_iterations: 8
            num_velocity_iterations: 0
            max_gpu_contact_pairs: 8388608
            num_subscenes: 0
            contact_offset: 0.002
            rest_offset: 0.0
            bounce_threshold_velocity: 0.2
            max_depenetration_velocity: 1000.0
            default_buffer_size_multiplier: 5.0
            contact_collection: 1
train: 
    seed: 42
    algo: PPOTeacher
    network: 
        mlp: 
            units: [512, 256, 128]
        priv_mlp: 
            units: [256, 128, 8]
        point_mlp: 
            units: [32, 32, 32]
        contact_mlp: 
            units: [32, 32, 32]
        use_point_transformer: False
    load_path: 
    demon_path: None
    ppo: 
        output_name: LinkerHandHora/spaceE_curriculum_waypointfixed_0.25_20251209_142019
        multi_gpu: False
        normalize_input: True
        normalize_value: True
        normalize_priv: True
        normalize_point_cloud: True
        value_bootstrap: True
        num_actors: 4096
        normalize_advantage: True
        gamma: 0.99
        tau: 0.95
        learning_rate: 0.005
        weight_decay: 0.0001
        kl_threshold: 0.01
        is_demon: True
        horizon_length: 16
        minibatch_size: 16384
        mini_epochs: 5
        clip_value: True
        critic_coef: 4
        entropy_coef: 0.0
        e_clip: 0.2
        bounds_loss_coef: 0.0
        distill_loss_coef: 0.0
        bc_loss_coef: 1.0
        truncate_grads: True
        grad_norm: 1.0
        save_best_after: 50000000
        save_frequency: 500
        max_agent_steps: 500000000
        priv_info: True
        proprio_mode: True
        input_mode: proprio-ends
        use_point_cloud_info: True
        proprio_len: 30
        distill: False
        priv_info_embed_dim: 8
        proprio_adapt: False
        asymm_actor_critic: False
        critic_info_dim: 100
        enable_latent_loss: False
        use_l1: False
    padapt: 
        action_imitation: False
        cache_suffix: stage2
        with_noisy_quat: False
        with_goal_quat: False
        iter_per_step: 1
        expert_fine_contact: False
        contact_distillation: False
        conv_with_batch_norm: False
        use_deformable_conv: False
        use_temporal_transformer: False
        use_position_encoder: False
        separate_temporal_fusion: False
Start Building the Environment
Hand asset file: assets/linker_hand/L25_dof_urdf.urdf
---- Object Setup (LinkerPen) ----
Object type: cylinder_linkerpen
---- Object List ----
using 1 training objects: ['linkerpen']

[角速度奖励] 使用 Gaussian Kernel 模式:
  目标角速度: 3.14 rad/s (0.500 Hz)
  高斯核带宽 σ: 1.00

[Anti-Hacking] EMA 速度门控:
  EMA α: 0.150

======================================================================
动作空间配置 (Action Space Configuration)
======================================================================
Flying Hand 启用:     False
禁用无名指和小拇指:   True
策略动作维度:         13
仿真 DOF 总数:        21
----------------------------------------------------------------------
手部动作维度:         13
  策略索引 [0-3]  -> middle [仿真 0-3]
  策略索引 [4-7]  -> index  [仿真 8-11]
  策略索引 [8-12] -> thumb  [仿真 16-20]
禁用的仿真 DOF:       [4, 5, 6, 7, 12, 13, 14, 15]
======================================================================

[PrivInfo Verify] OK: priv_info_dim=64, total_span=64, slices=11

================================================================================
启用的特权信息 (Privileged Information) 配置:
================================================================================
名称                             索引范围            维度       状态
--------------------------------------------------------------------------------
obj_position                   [ 0: 3]         3        [固定启用]
obj_mass                       [ 3: 4]         1        [固定启用]
obj_friction                   [ 4: 5]         1        [固定启用]
obj_com                        [ 5: 8]         3        [固定启用]
--------------------------------------------------------------------------------
obj_orientation                [ 8:12]         4        ✓ 已启用
obj_linvel                     [12:15]         3        ✓ 已启用
obj_angvel                     [15:18]         3        ✓ 已启用
fingertip_position             [18:33]         15       ✓ 已启用
fingertip_linvel               [33:48]         15       ✓ 已启用
obj_restitution                [48:49]         1        ✓ 已启用
tactile                        [49:64]         15       ✓ 已启用
--------------------------------------------------------------------------------
未启用的可选特权信息:
fingertip_orientation                                   ✗ 未启用
fingertip_angvel                                        ✗ 未启用
hand_scale                                              ✗ 未启用
--------------------------------------------------------------------------------
总计: 12 项启用, 总维度 = 64
priv_info_dim (缓冲区大小) = 64
================================================================================

Not connected to PVD
+++ Using GPU PhysX
Physics Engine: PhysX
Physics Device: cuda:0
GPU Pipeline: enabled
[Asset] Using submesh convex decomposition for hand collision
LinkerPen loaded: radius=0.009m, length=0.18m (no scale applied)

================================================================================
环境初始化 - 显存相关参数
================================================================================
num_envs (环境数量):        4096
环境间距 (spacing):         0.5
每行环境数 (num_per_row):   64
手部刚体数量:               22
物体刚体数量:               1
总刚体数/环境:              23
================================================================================
开始创建 4096 个并行环境...
================================================================================

环境创建进度: 0/4096 (0.0%)
======================================================================
物体物理属性（随机化后的最终值）
======================================================================
随机化配置:
  - 质量随机化: True [0.035, 0.048]
  - 质心随机化: True [-0.002, 0.002]
  - 摩擦随机化: True [0.4, 1.2]
  - 恢复系数随机化: True [0.1, 0.5]
本环境实际值:
  - 总质量: 0.0454 kg (45.38 g)
  - 摩擦系数: 0.8091
  - 恢复系数: 0.3006
  - 质心偏移: [0.0012404535787167228, 0.0014682892743204147, 0.0016529622102258853]

====================================================================================================
IsaacGym 物体物理属性验证 (Object Physical Properties Verification)
====================================================================================================

--- 刚体属性 (Rigid Body Properties) ---
刚体数量: 1

  [Link 0]
    质量 (mass):           0.045378 kg (45.38 g)
    质心 (COM):            (0.001240, 0.001468, 0.001653) m
    惯量 (inertia):
      Ixx: 1.77093738e-04, Ixy: 0.00000000e+00, Ixz: 0.00000000e+00
      Iyx: 0.00000000e+00, Iyy: 1.77093738e-04, Iyz: 0.00000000e+00
      Izx: 0.00000000e+00, Izy: 0.00000000e+00, Izz: 2.47233288e-06
    flags:                 0

  总质量 (Total Mass): 0.045378 kg (45.38 g)

--- 形状属性 (Shape Properties) ---
形状数量: 3

  [Shape 0]
    摩擦系数 (friction):       0.8091
    恢复系数 (restitution):    0.3006
    滚动摩擦 (rolling_friction): 0.0000
    扭转摩擦 (torsion_friction): 0.0000
    接触偏移 (contact_offset):  0.002000
    静止偏移 (rest_offset):     0.000000
    合规性 (compliance):       0.000000
    厚度 (thickness):          0.000000

  [Shape 1]
    摩擦系数 (friction):       0.8091
    恢复系数 (restitution):    0.3006
    滚动摩擦 (rolling_friction): 0.0000
    扭转摩擦 (torsion_friction): 0.0000
    接触偏移 (contact_offset):  0.002000
    静止偏移 (rest_offset):     0.000000
    合规性 (compliance):       0.000000
    厚度 (thickness):          0.000000

  [Shape 2]
    摩擦系数 (friction):       0.8091
    恢复系数 (restitution):    0.3006
    滚动摩擦 (rolling_friction): 0.0000
    扭转摩擦 (torsion_friction): 0.0000
    接触偏移 (contact_offset):  0.002000
    静止偏移 (rest_offset):     0.000000
    合规性 (compliance):       0.000000
    厚度 (thickness):          0.000000

--- 自由度属性 (DOF Properties) ---
自由度数量: 0

--- 预期值对比 (Expected from pen_gen.py) ---
  预期尼龙主体质量:  24.39 g
  预期铝头质量 (x2): 8.27 g × 2 = 16.54 g
  预期总质量:        40.93 g
  预期半径:          9 mm
  预期总长度:        180 mm (150 + 15×2)
环境创建进度: 1024/4096 (25.0%)环境创建进度: 2048/4096 (50.0%)环境创建进度: 3072/4096 (75.0%)环境创建进度: 4095/4096 (100.0%)动作空间已更新: (13,) (策略输出维度: 13)
Contact Tensor Dimension [1, numRigidBody, 3] torch.Size([4096, 23, 3])
[LinkerHandHora] 加载缓存: cache/3_30000_49_nofly_grasp_cache.npy
  缓存形状: torch.Size([30000, 49])
  缓存格式: 61维(actual+target)
[旋转轴] 使用三维向量格式: [0, 0, 1] (归一化后: [0.0, 0.0, 1.0])

======================================================================
Space E 时空扭曲编排器 (Time-Warping Orchestrator)
======================================================================
  模式:           SpaceE
  Alpha 范围:     0.25 -> 1.00
  课程步数:       1.00e+08
  相对变化阈值:   5.0%
  当前 Alpha:     0.250
----------------------------------------------------------------------
  [SpaceE] 完整动力学同构缩放（推荐）
  物理层: g'=α²g, Kp'=α²Kp, Kd'=αKd, τ'=α²τ
  观测层: v_obs=v_sim/α, F_obs=F_sim/α²
  奖励层: r_final=r_raw×α
======================================================================


[Space E Curriculum] 更新物理参数 Alpha = 0.250 (Progress: 0.0%)
  -> 重力: -0.6131 m/s² (原始: -9.81, 缩放: 0.0625)
  -> DOF 属性已更新: Kp_scale=0.0625, Kd_scale=0.2500, τ_scale=0.0625
  -> 手部 Kp: 0.3750, Kd: 0.0500
  -> PhysX contact_offset: 0.00100 (仅低 alpha 时缩放)
  -> PhysX bounce_threshold: 0.0500 (原始: 0.20)
[TP_Waypoints] 正在从 7 个原始点生成密集插值 (180°对称性扩展)...
[TP_Waypoints] 使用 180° 对称性扩展模式
[TP_Waypoints] 原始数据相位范围: [24.2°, 162.0°]
[TP_Waypoints] 扩展后数据点数: 14
[TP_Waypoints] 已生成 360 个密集 waypoint
[Waypoint Tracking] 已启用，sigma=0.05, 180°对称=True
[Waypoint Tracking] 密集点数: 360, 比较手指: middle, index, thumb (9维)

================================================================================
特权信息 (Privileged Information) 维度配置:
================================================================================
名称                             索引范围            维度       状态
--------------------------------------------------------------------------------
obj_position                   [ 0: 3]         3        [固定]
obj_mass                       [ 3: 4]         1        [固定]
obj_friction                   [ 4: 5]         1        [固定]
obj_com                        [ 5: 8]         3        [固定]
--------------------------------------------------------------------------------
obj_orientation                [ 8:12]         4        ✓
obj_linvel                     [12:15]         3        ✓
obj_angvel                     [15:18]         3        ✓
fingertip_position             [18:33]         15       ✓
fingertip_linvel               [33:48]         15       ✓
obj_restitution                [48:49]         1        ✓
tactile                        [49:64]         15       ✓
--------------------------------------------------------------------------------
总计: 11 项启用, 实际维度 = 64, 缓冲区大小 = 64
================================================================================

RunningMeanStd:  (126,)
RunningMeanStd:  64
RunningMeanStd:  3
RunningMeanStd:  (1,)

================================================================================
显存相关配置参数 (Memory-Critical Configuration)
================================================================================
环境数量 (num_actors):        4,096
Horizon 长度:                 16
Batch Size:                   65,536 = 4,096 × 16
Minibatch Size:               16,384
Mini Epochs:                  5
观察维度 (obs_shape):         126
动作维度 (actions_num):       13
特权信息维度 (priv_info):     64
Critic信息维度:               100
点云缓冲维度:                 100
本体感觉历史长度:             30
================================================================================


================================================================================
轨迹录制器初始化状态 (Trajectory Recorder Status)
================================================================================
  主进程 (LOCAL_RANK=0):  True
  相机已启用:             False
  轨迹录制器:             ✗ 未初始化
    原因: 相机未启用 (enableCameraSensors=False)
    解决方案: 在启动命令中添加 task.env.enableCameraSensors=True
================================================================================

[Space E] Initializing curriculum physics with α = 0.2500

[Space E Curriculum] 更新物理参数 Alpha = 0.250 (Progress: 0.0%)
  -> 重力: -0.6131 m/s² (原始: -9.81, 缩放: 0.0625)
  -> DOF 属性已更新: Kp_scale=0.0625, Kd_scale=0.2500, τ_scale=0.0625
  -> 手部 Kp: 0.3750, Kd: 0.0500
  -> PhysX contact_offset: 0.00100 (仅低 alpha 时缩放)
  -> PhysX bounce_threshold: 0.0500 (原始: 0.20)

================================================================================
Space E Curriculum Status [Epoch 100]
================================================================================
  Current Alpha:      0.2500 (Gravity: 0.0625g)
  Curriculum Status:  ❌ HOLD: Low Survival (0.00 < 0.8)
  Metrics (Accum.):   Survival=0.0042, Success=0.0021
  Sample Buffer:      1916 episodes
--------------------------------------------------------------------------------
  Episode Reward:     9.19
  Episode Length:     33.26
  Mean Rot Angle:     0.94 rad
  Current Success:    0.0021 (4/1916) rot>2.5
  Termination Dist:   Total=1916
    - Max Steps:      0 (0.0%)
    - Drop (Low Z):   1606 (83.8%)
    - Tilt (Fall):    302 (15.8%)
    - Overspeed:      8 (0.4%)
================================================================================


================================================================================
Space E Curriculum Status [Epoch 200]
================================================================================
  Current Alpha:      0.2500 (Gravity: 0.0625g)
  Curriculum Status:  ❌ HOLD: Low Survival (0.01 < 0.8)
  Metrics (Accum.):   Survival=0.0051, Success=0.0309
  Sample Buffer:      1584 episodes
--------------------------------------------------------------------------------
  Episode Reward:     13.70
  Episode Length:     40.60
  Mean Rot Angle:     1.20 rad
  Current Success:    0.0309 (49/1584) rot>2.5
  Termination Dist:   Total=1584
    - Max Steps:      0 (0.0%)
    - Drop (Low Z):   1305 (82.4%)
    - Tilt (Fall):    271 (17.1%)
    - Overspeed:      8 (0.5%)
================================================================================


================================================================================
Space E Curriculum Status [Epoch 300]
================================================================================
  Current Alpha:      0.2500 (Gravity: 0.0625g)
  Curriculum Status:  ❌ HOLD: Low Survival (0.00 < 0.8)
  Metrics (Accum.):   Survival=0.0032, Success=0.0558
  Sample Buffer:      1558 episodes
--------------------------------------------------------------------------------
  Episode Reward:     15.80
  Episode Length:     43.75
  Mean Rot Angle:     1.31 rad
  Current Success:    0.0558 (87/1558) rot>2.5
  Termination Dist:   Total=1558
    - Max Steps:      0 (0.0%)
    - Drop (Low Z):   1205 (77.3%)
    - Tilt (Fall):    348 (22.3%)
    - Overspeed:      5 (0.3%)
================================================================================


================================================================================
Space E Curriculum Status [Epoch 400]
================================================================================
  Current Alpha:      0.2500 (Gravity: 0.0625g)
  Curriculum Status:  ❌ HOLD: Low Survival (0.01 < 0.8)
  Metrics (Accum.):   Survival=0.0062, Success=0.0958
  Sample Buffer:      1462 episodes
--------------------------------------------------------------------------------
  Episode Reward:     17.21
  Episode Length:     44.99
  Mean Rot Angle:     1.40 rad
  Current Success:    0.0958 (140/1462) rot>2.5
  Termination Dist:   Total=1462
    - Max Steps:      0 (0.0%)
    - Drop (Low Z):   1153 (78.9%)
    - Tilt (Fall):    300 (20.5%)
    - Overspeed:      9 (0.6%)
================================================================================


================================================================================
Space E Curriculum Status [Epoch 500]
================================================================================
  Current Alpha:      0.2500 (Gravity: 0.0625g)
  Curriculum Status:  ❌ HOLD: Low Survival (0.00 < 0.8)
  Metrics (Accum.):   Survival=0.0030, Success=0.1235
  Sample Buffer:      1312 episodes
--------------------------------------------------------------------------------
  Episode Reward:     19.15
  Episode Length:     47.59
  Mean Rot Angle:     1.52 rad
  Current Success:    0.1235 (162/1312) rot>2.5
  Termination Dist:   Total=1312
    - Max Steps:      0 (0.0%)
    - Drop (Low Z):   1060 (80.8%)
    - Tilt (Fall):    248 (18.9%)
    - Overspeed:      4 (0.3%)
================================================================================


================================================================================
Space E Curriculum Status [Epoch 600]
================================================================================
  Current Alpha:      0.2500 (Gravity: 0.0625g)
  Curriculum Status:  ❌ HOLD: Low Survival (0.01 < 0.8)
  Metrics (Accum.):   Survival=0.0057, Success=0.1699
  Sample Buffer:      1401 episodes
--------------------------------------------------------------------------------
  Episode Reward:     20.07
  Episode Length:     49.28
  Mean Rot Angle:     1.57 rad
  Current Success:    0.1699 (238/1401) rot>2.5
  Termination Dist:   Total=1401
    - Max Steps:      0 (0.0%)
    - Drop (Low Z):   1108 (79.1%)
    - Tilt (Fall):    285 (20.3%)
    - Overspeed:      8 (0.6%)
================================================================================


================================================================================
Space E Curriculum Status [Epoch 700]
================================================================================
  Current Alpha:      0.2500 (Gravity: 0.0625g)
  Curriculum Status:  ❌ HOLD: Low Survival (0.00 < 0.8)
  Metrics (Accum.):   Survival=0.0032, Success=0.1701
  Sample Buffer:      1258 episodes
--------------------------------------------------------------------------------
  Episode Reward:     21.34
  Episode Length:     50.66
  Mean Rot Angle:     1.63 rad
  Current Success:    0.1701 (214/1258) rot>2.5
  Termination Dist:   Total=1258
    - Max Steps:      0 (0.0%)
    - Drop (Low Z):   1026 (81.6%)
    - Tilt (Fall):    228 (18.1%)
    - Overspeed:      4 (0.3%)
================================================================================


================================================================================
Space E Curriculum Status [Epoch 800]
================================================================================
  Current Alpha:      0.2500 (Gravity: 0.0625g)
  Curriculum Status:  ❌ HOLD: Low Survival (0.00 < 0.8)
  Metrics (Accum.):   Survival=0.0048, Success=0.1955
  Sample Buffer:      1243 episodes
--------------------------------------------------------------------------------
  Episode Reward:     22.00
  Episode Length:     52.16
  Mean Rot Angle:     1.65 rad
  Current Success:    0.1955 (243/1243) rot>2.5
  Termination Dist:   Total=1243
    - Max Steps:      0 (0.0%)
    - Drop (Low Z):   1027 (82.6%)
    - Tilt (Fall):    210 (16.9%)
    - Overspeed:      6 (0.5%)
================================================================================


================================================================================
Space E Curriculum Status [Epoch 900]
================================================================================
  Current Alpha:      0.2500 (Gravity: 0.0625g)
  Curriculum Status:  ❌ HOLD: Low Survival (0.00 < 0.8)
  Metrics (Accum.):   Survival=0.0040, Success=0.1522
  Sample Buffer:      1248 episodes
--------------------------------------------------------------------------------
  Episode Reward:     22.23
  Episode Length:     52.49
  Mean Rot Angle:     1.66 rad
  Current Success:    0.1522 (190/1248) rot>2.5
  Termination Dist:   Total=1248
    - Max Steps:      0 (0.0%)
    - Drop (Low Z):   1015 (81.3%)
    - Tilt (Fall):    228 (18.3%)
    - Overspeed:      5 (0.4%)
================================================================================


================================================================================
Space E Curriculum Status [Epoch 1000]
================================================================================
  Current Alpha:      0.2500 (Gravity: 0.0625g)
  Curriculum Status:  ❌ HOLD: Low Survival (0.01 < 0.8)
  Metrics (Accum.):   Survival=0.0091, Success=0.2128
  Sample Buffer:      1203 episodes
--------------------------------------------------------------------------------
  Episode Reward:     23.21
  Episode Length:     54.85
  Mean Rot Angle:     1.72 rad
  Current Success:    0.2128 (256/1203) rot>2.5
  Termination Dist:   Total=1203
    - Max Steps:      0 (0.0%)
    - Drop (Low Z):   993 (82.5%)
    - Tilt (Fall):    199 (16.5%)
    - Overspeed:      11 (0.9%)
================================================================================


================================================================================
Space E Curriculum Status [Epoch 1100]
================================================================================
  Current Alpha:      0.2500 (Gravity: 0.0625g)
  Curriculum Status:  ❌ HOLD: Low Survival (0.00 < 0.8)
  Metrics (Accum.):   Survival=0.0032, Success=0.2297
  Sample Buffer:      1254 episodes
--------------------------------------------------------------------------------
  Episode Reward:     23.54
  Episode Length:     56.31
  Mean Rot Angle:     1.75 rad
  Current Success:    0.2297 (288/1254) rot>2.5
  Termination Dist:   Total=1254
    - Max Steps:      0 (0.0%)
    - Drop (Low Z):   1009 (80.5%)
    - Tilt (Fall):    241 (19.2%)
    - Overspeed:      4 (0.3%)
================================================================================


================================================================================
Space E Curriculum Status [Epoch 1200]
================================================================================
  Current Alpha:      0.2500 (Gravity: 0.0625g)
  Curriculum Status:  ❌ HOLD: Low Survival (0.01 < 0.8)
  Metrics (Accum.):   Survival=0.0057, Success=0.2559
  Sample Buffer:      1235 episodes
--------------------------------------------------------------------------------
  Episode Reward:     24.74
  Episode Length:     56.82
  Mean Rot Angle:     1.81 rad
  Current Success:    0.2559 (316/1235) rot>2.5
  Termination Dist:   Total=1235
    - Max Steps:      0 (0.0%)
    - Drop (Low Z):   996 (80.6%)
    - Tilt (Fall):    232 (18.8%)
    - Overspeed:      7 (0.6%)
================================================================================


================================================================================
Space E Curriculum Status [Epoch 1300]
================================================================================
  Current Alpha:      0.2500 (Gravity: 0.0625g)
  Curriculum Status:  ❌ HOLD: Low Survival (0.01 < 0.8)
  Metrics (Accum.):   Survival=0.0063, Success=0.2475
  Sample Buffer:      1111 episodes
--------------------------------------------------------------------------------
  Episode Reward:     24.95
  Episode Length:     56.91
  Mean Rot Angle:     1.84 rad
  Current Success:    0.2475 (275/1111) rot>2.5
  Termination Dist:   Total=1111
    - Max Steps:      0 (0.0%)
    - Drop (Low Z):   916 (82.4%)
    - Tilt (Fall):    188 (16.9%)
    - Overspeed:      7 (0.6%)
================================================================================


================================================================================
Space E Curriculum Status [Epoch 1400]
================================================================================
  Current Alpha:      0.2500 (Gravity: 0.0625g)
  Curriculum Status:  ❌ HOLD: Low Survival (0.00 < 0.8)
  Metrics (Accum.):   Survival=0.0041, Success=0.2871
  Sample Buffer:      1212 episodes
--------------------------------------------------------------------------------
  Episode Reward:     25.59
  Episode Length:     58.44
  Mean Rot Angle:     1.88 rad
  Current Success:    0.2871 (348/1212) rot>2.5
  Termination Dist:   Total=1212
    - Max Steps:      0 (0.0%)
    - Drop (Low Z):   1010 (83.3%)
    - Tilt (Fall):    197 (16.3%)
    - Overspeed:      5 (0.4%)
================================================================================


================================================================================
Space E Curriculum Status [Epoch 1500]
================================================================================
  Current Alpha:      0.2500 (Gravity: 0.0625g)
  Curriculum Status:  ❌ HOLD: Low Survival (0.00 < 0.8)
  Metrics (Accum.):   Survival=0.0035, Success=0.2778
  Sample Buffer:      1134 episodes
--------------------------------------------------------------------------------
  Episode Reward:     25.61
  Episode Length:     58.93
  Mean Rot Angle:     1.87 rad
  Current Success:    0.2778 (315/1134) rot>2.5
  Termination Dist:   Total=1134
    - Max Steps:      0 (0.0%)
    - Drop (Low Z):   943 (83.2%)
    - Tilt (Fall):    187 (16.5%)
    - Overspeed:      4 (0.4%)
================================================================================


================================================================================
Space E Curriculum Status [Epoch 1600]
================================================================================
  Current Alpha:      0.2500 (Gravity: 0.0625g)
  Curriculum Status:  ❌ HOLD: Low Survival (0.01 < 0.8)
  Metrics (Accum.):   Survival=0.0112, Success=0.3082
  Sample Buffer:      1074 episodes
--------------------------------------------------------------------------------
  Episode Reward:     25.90
  Episode Length:     59.12
  Mean Rot Angle:     1.89 rad
  Current Success:    0.3082 (331/1074) rot>2.5
  Termination Dist:   Total=1074
    - Max Steps:      0 (0.0%)
    - Drop (Low Z):   914 (85.1%)
    - Tilt (Fall):    148 (13.8%)
    - Overspeed:      12 (1.1%)
================================================================================


================================================================================
Space E Curriculum Status [Epoch 1700]
================================================================================
  Current Alpha:      0.2500 (Gravity: 0.0625g)
  Curriculum Status:  ❌ HOLD: Low Survival (0.01 < 0.8)
  Metrics (Accum.):   Survival=0.0052, Success=0.2726
  Sample Buffer:      1152 episodes
--------------------------------------------------------------------------------
  Episode Reward:     25.87
  Episode Length:     59.09
  Mean Rot Angle:     1.89 rad
  Current Success:    0.2726 (314/1152) rot>2.5
  Termination Dist:   Total=1152
    - Max Steps:      0 (0.0%)
    - Drop (Low Z):   950 (82.5%)
    - Tilt (Fall):    196 (17.0%)
    - Overspeed:      6 (0.5%)
================================================================================


================================================================================
Space E Curriculum Status [Epoch 1800]
================================================================================
  Current Alpha:      0.2500 (Gravity: 0.0625g)
  Curriculum Status:  ❌ HOLD: Low Survival (0.00 < 0.8)
  Metrics (Accum.):   Survival=0.0028, Success=0.2997
  Sample Buffer:      1061 episodes
--------------------------------------------------------------------------------
  Episode Reward:     26.43
  Episode Length:     60.17
  Mean Rot Angle:     1.92 rad
  Current Success:    0.2997 (318/1061) rot>2.5
  Termination Dist:   Total=1061
    - Max Steps:      0 (0.0%)
    - Drop (Low Z):   900 (84.8%)
    - Tilt (Fall):    158 (14.9%)
    - Overspeed:      3 (0.3%)
================================================================================


================================================================================
Space E Curriculum Status [Epoch 1900]
================================================================================
  Current Alpha:      0.2500 (Gravity: 0.0625g)
  Curriculum Status:  ❌ HOLD: Low Survival (0.00 < 0.8)
  Metrics (Accum.):   Survival=0.0009, Success=0.2983
  Sample Buffer:      1113 episodes
--------------------------------------------------------------------------------
  Episode Reward:     26.93
  Episode Length:     60.93
  Mean Rot Angle:     1.93 rad
  Current Success:    0.2983 (332/1113) rot>2.5
  Termination Dist:   Total=1113
    - Max Steps:      0 (0.0%)
    - Drop (Low Z):   937 (84.2%)
    - Tilt (Fall):    175 (15.7%)
    - Overspeed:      1 (0.1%)
================================================================================


================================================================================
Space E Curriculum Status [Epoch 2000]
================================================================================
  Current Alpha:      0.2500 (Gravity: 0.0625g)
  Curriculum Status:  ❌ HOLD: Low Survival (0.01 < 0.8)
  Metrics (Accum.):   Survival=0.0084, Success=0.3234
  Sample Buffer:      1073 episodes
--------------------------------------------------------------------------------
  Episode Reward:     26.55
  Episode Length:     60.01
  Mean Rot Angle:     1.94 rad
  Current Success:    0.3234 (347/1073) rot>2.5
  Termination Dist:   Total=1073
    - Max Steps:      0 (0.0%)
    - Drop (Low Z):   905 (84.3%)
    - Tilt (Fall):    159 (14.8%)
    - Overspeed:      9 (0.8%)
================================================================================


================================================================================
Space E Curriculum Status [Epoch 2100]
================================================================================
  Current Alpha:      0.2500 (Gravity: 0.0625g)
  Curriculum Status:  ❌ HOLD: Low Survival (0.01 < 0.8)
  Metrics (Accum.):   Survival=0.0107, Success=0.3032
  Sample Buffer:      1118 episodes
--------------------------------------------------------------------------------
  Episode Reward:     26.61
  Episode Length:     60.31
  Mean Rot Angle:     1.94 rad
  Current Success:    0.3032 (339/1118) rot>2.5
  Termination Dist:   Total=1118
    - Max Steps:      0 (0.0%)
    - Drop (Low Z):   932 (83.4%)
    - Tilt (Fall):    174 (15.6%)
    - Overspeed:      12 (1.1%)
================================================================================


================================================================================
Space E Curriculum Status [Epoch 2200]
================================================================================
  Current Alpha:      0.2500 (Gravity: 0.0625g)
  Curriculum Status:  ❌ HOLD: Low Survival (0.01 < 0.8)
  Metrics (Accum.):   Survival=0.0082, Success=0.3061
  Sample Buffer:      1091 episodes
--------------------------------------------------------------------------------
  Episode Reward:     26.71
  Episode Length:     60.60
  Mean Rot Angle:     1.94 rad
  Current Success:    0.3061 (334/1091) rot>2.5
  Termination Dist:   Total=1091
    - Max Steps:      0 (0.0%)
    - Drop (Low Z):   898 (82.3%)
    - Tilt (Fall):    184 (16.9%)
    - Overspeed:      9 (0.8%)
================================================================================


================================================================================
Space E Curriculum Status [Epoch 2300]
================================================================================
  Current Alpha:      0.2500 (Gravity: 0.0625g)
  Curriculum Status:  ❌ HOLD: Low Survival (0.01 < 0.8)
  Metrics (Accum.):   Survival=0.0094, Success=0.3258
  Sample Buffer:      1068 episodes
--------------------------------------------------------------------------------
  Episode Reward:     27.45
  Episode Length:     62.87
  Mean Rot Angle:     1.97 rad
  Current Success:    0.3258 (348/1068) rot>2.5
  Termination Dist:   Total=1068
    - Max Steps:      0 (0.0%)
    - Drop (Low Z):   897 (84.0%)
    - Tilt (Fall):    161 (15.1%)
    - Overspeed:      10 (0.9%)
================================================================================


================================================================================
Space E Curriculum Status [Epoch 2400]
================================================================================
  Current Alpha:      0.2500 (Gravity: 0.0625g)
  Curriculum Status:  ❌ HOLD: Low Survival (0.01 < 0.8)
  Metrics (Accum.):   Survival=0.0115, Success=0.3244
  Sample Buffer:      1042 episodes
--------------------------------------------------------------------------------
  Episode Reward:     27.40
  Episode Length:     62.41
  Mean Rot Angle:     1.97 rad
  Current Success:    0.3244 (338/1042) rot>2.5
  Termination Dist:   Total=1042
    - Max Steps:      0 (0.0%)
    - Drop (Low Z):   860 (82.5%)
    - Tilt (Fall):    170 (16.3%)
    - Overspeed:      12 (1.2%)
================================================================================


================================================================================
Space E Curriculum Status [Epoch 2500]
================================================================================
  Current Alpha:      0.2500 (Gravity: 0.0625g)
  Curriculum Status:  ❌ HOLD: Low Survival (0.01 < 0.8)
  Metrics (Accum.):   Survival=0.0087, Success=0.3256
  Sample Buffer:      1032 episodes
--------------------------------------------------------------------------------
  Episode Reward:     27.56
  Episode Length:     62.36
  Mean Rot Angle:     1.97 rad
  Current Success:    0.3256 (336/1032) rot>2.5
  Termination Dist:   Total=1032
    - Max Steps:      0 (0.0%)
    - Drop (Low Z):   858 (83.1%)
    - Tilt (Fall):    165 (16.0%)
    - Overspeed:      9 (0.9%)
================================================================================


================================================================================
Space E Curriculum Status [Epoch 2600]
================================================================================
  Current Alpha:      0.2500 (Gravity: 0.0625g)
  Curriculum Status:  ❌ HOLD: Low Survival (0.01 < 0.8)
  Metrics (Accum.):   Survival=0.0061, Success=0.3072
  Sample Buffer:      983 episodes
--------------------------------------------------------------------------------
  Episode Reward:     27.71
  Episode Length:     62.74
  Mean Rot Angle:     1.98 rad
  Current Success:    0.3072 (302/983) rot>2.5
  Termination Dist:   Total=983
    - Max Steps:      0 (0.0%)
    - Drop (Low Z):   820 (83.4%)
    - Tilt (Fall):    157 (16.0%)
    - Overspeed:      6 (0.6%)
================================================================================


================================================================================
Space E Curriculum Status [Epoch 2700]
================================================================================
  Current Alpha:      0.2500 (Gravity: 0.0625g)
  Curriculum Status:  ❌ HOLD: Low Survival (0.01 < 0.8)
  Metrics (Accum.):   Survival=0.0084, Success=0.3035
  Sample Buffer:      1071 episodes
--------------------------------------------------------------------------------
  Episode Reward:     28.30
  Episode Length:     63.36
  Mean Rot Angle:     2.01 rad
  Current Success:    0.3035 (325/1071) rot>2.5
  Termination Dist:   Total=1071
    - Max Steps:      0 (0.0%)
    - Drop (Low Z):   902 (84.2%)
    - Tilt (Fall):    160 (14.9%)
    - Overspeed:      9 (0.8%)
================================================================================


================================================================================
Space E Curriculum Status [Epoch 2800]
================================================================================
  Current Alpha:      0.2500 (Gravity: 0.0625g)
  Curriculum Status:  ❌ HOLD: Low Survival (0.01 < 0.8)
  Metrics (Accum.):   Survival=0.0124, Success=0.3479
  Sample Buffer:      1052 episodes
--------------------------------------------------------------------------------
  Episode Reward:     28.35
  Episode Length:     63.23
  Mean Rot Angle:     2.02 rad
  Current Success:    0.3479 (366/1052) rot>2.5
  Termination Dist:   Total=1052
    - Max Steps:      0 (0.0%)
    - Drop (Low Z):   887 (84.3%)
    - Tilt (Fall):    152 (14.4%)
    - Overspeed:      13 (1.2%)
================================================================================


================================================================================
Space E Curriculum Status [Epoch 2900]
================================================================================
  Current Alpha:      0.2500 (Gravity: 0.0625g)
  Curriculum Status:  ❌ HOLD: Low Survival (0.01 < 0.8)
  Metrics (Accum.):   Survival=0.0098, Success=0.3444
  Sample Buffer:      1025 episodes
--------------------------------------------------------------------------------
  Episode Reward:     28.92
  Episode Length:     65.67
  Mean Rot Angle:     2.04 rad
  Current Success:    0.3444 (353/1025) rot>2.5
  Termination Dist:   Total=1025
    - Max Steps:      0 (0.0%)
    - Drop (Low Z):   873 (85.2%)
    - Tilt (Fall):    142 (13.9%)
    - Overspeed:      10 (1.0%)
================================================================================


================================================================================
Space E Curriculum Status [Epoch 3000]
================================================================================
  Current Alpha:      0.2500 (Gravity: 0.0625g)
  Curriculum Status:  ❌ HOLD: Low Survival (0.01 < 0.8)
  Metrics (Accum.):   Survival=0.0088, Success=0.4006
  Sample Buffer:      1021 episodes
--------------------------------------------------------------------------------
  Episode Reward:     28.73
  Episode Length:     65.71
  Mean Rot Angle:     2.04 rad
  Current Success:    0.4006 (409/1021) rot>2.5
  Termination Dist:   Total=1021
    - Max Steps:      0 (0.0%)
    - Drop (Low Z):   847 (83.0%)
    - Tilt (Fall):    165 (16.2%)
    - Overspeed:      9 (0.9%)
================================================================================


================================================================================
Space E Curriculum Status [Epoch 3100]
================================================================================
  Current Alpha:      0.2500 (Gravity: 0.0625g)
  Curriculum Status:  ❌ HOLD: Low Survival (0.01 < 0.8)
  Metrics (Accum.):   Survival=0.0116, Success=0.3343
  Sample Buffer:      1038 episodes
--------------------------------------------------------------------------------
  Episode Reward:     29.06
  Episode Length:     65.98
  Mean Rot Angle:     2.06 rad
  Current Success:    0.3343 (347/1038) rot>2.5
  Termination Dist:   Total=1038
    - Max Steps:      0 (0.0%)
    - Drop (Low Z):   887 (85.5%)
    - Tilt (Fall):    139 (13.4%)
    - Overspeed:      12 (1.2%)
================================================================================


================================================================================
Space E Curriculum Status [Epoch 3200]
================================================================================
  Current Alpha:      0.2500 (Gravity: 0.0625g)
  Curriculum Status:  ❌ HOLD: Low Survival (0.01 < 0.8)
  Metrics (Accum.):   Survival=0.0098, Success=0.3807
  Sample Buffer:      922 episodes
--------------------------------------------------------------------------------
  Episode Reward:     29.15
  Episode Length:     66.54
  Mean Rot Angle:     2.06 rad
  Current Success:    0.3807 (351/922) rot>2.5
  Termination Dist:   Total=922
    - Max Steps:      0 (0.0%)
    - Drop (Low Z):   774 (83.9%)
    - Tilt (Fall):    139 (15.1%)
    - Overspeed:      9 (1.0%)
================================================================================


================================================================================
Space E Curriculum Status [Epoch 3300]
================================================================================
  Current Alpha:      0.2500 (Gravity: 0.0625g)
  Curriculum Status:  ❌ HOLD: Low Survival (0.01 < 0.8)
  Metrics (Accum.):   Survival=0.0051, Success=0.3563
  Sample Buffer:      974 episodes
--------------------------------------------------------------------------------
  Episode Reward:     29.14
  Episode Length:     65.85
  Mean Rot Angle:     2.07 rad
  Current Success:    0.3563 (347/974) rot>2.5
  Termination Dist:   Total=974
    - Max Steps:      0 (0.0%)
    - Drop (Low Z):   824 (84.6%)
    - Tilt (Fall):    145 (14.9%)
    - Overspeed:      5 (0.5%)
================================================================================


================================================================================
Space E Curriculum Status [Epoch 3400]
================================================================================
  Current Alpha:      0.2500 (Gravity: 0.0625g)
  Curriculum Status:  ❌ HOLD: Low Survival (0.01 < 0.8)
  Metrics (Accum.):   Survival=0.0106, Success=0.3598
  Sample Buffer:      945 episodes
--------------------------------------------------------------------------------
  Episode Reward:     28.92
  Episode Length:     65.22
  Mean Rot Angle:     2.07 rad
  Current Success:    0.3598 (340/945) rot>2.5
  Termination Dist:   Total=945
    - Max Steps:      0 (0.0%)
    - Drop (Low Z):   812 (85.9%)
    - Tilt (Fall):    123 (13.0%)
    - Overspeed:      10 (1.1%)
================================================================================


================================================================================
Space E Curriculum Status [Epoch 3500]
================================================================================
  Current Alpha:      0.2500 (Gravity: 0.0625g)
  Curriculum Status:  ❌ HOLD: Low Survival (0.01 < 0.8)
  Metrics (Accum.):   Survival=0.0093, Success=0.3911
  Sample Buffer:      969 episodes
--------------------------------------------------------------------------------
  Episode Reward:     29.83
  Episode Length:     66.82
  Mean Rot Angle:     2.11 rad
  Current Success:    0.3911 (379/969) rot>2.5
  Termination Dist:   Total=969
    - Max Steps:      0 (0.0%)
    - Drop (Low Z):   821 (84.7%)
    - Tilt (Fall):    139 (14.3%)
    - Overspeed:      9 (0.9%)
================================================================================


================================================================================
Space E Curriculum Status [Epoch 3600]
================================================================================
  Current Alpha:      0.2500 (Gravity: 0.0625g)
  Curriculum Status:  ❌ HOLD: Low Survival (0.01 < 0.8)
  Metrics (Accum.):   Survival=0.0083, Success=0.3444
  Sample Buffer:      1080 episodes
--------------------------------------------------------------------------------
  Episode Reward:     29.75
  Episode Length:     66.27
  Mean Rot Angle:     2.08 rad
  Current Success:    0.3444 (372/1080) rot>2.5
  Termination Dist:   Total=1080
    - Max Steps:      0 (0.0%)
    - Drop (Low Z):   921 (85.3%)
    - Tilt (Fall):    150 (13.9%)
    - Overspeed:      9 (0.8%)
================================================================================


================================================================================
Space E Curriculum Status [Epoch 3700]
================================================================================
  Current Alpha:      0.2500 (Gravity: 0.0625g)
  Curriculum Status:  ❌ HOLD: Low Survival (0.00 < 0.8)
  Metrics (Accum.):   Survival=0.0040, Success=0.4121
  Sample Buffer:      990 episodes
--------------------------------------------------------------------------------
  Episode Reward:     29.62
  Episode Length:     65.88
  Mean Rot Angle:     2.10 rad
  Current Success:    0.4121 (408/990) rot>2.5
  Termination Dist:   Total=990
    - Max Steps:      0 (0.0%)
    - Drop (Low Z):   859 (86.8%)
    - Tilt (Fall):    127 (12.8%)
    - Overspeed:      4 (0.4%)
================================================================================


================================================================================
Space E Curriculum Status [Epoch 3800]
================================================================================
  Current Alpha:      0.2500 (Gravity: 0.0625g)
  Curriculum Status:  ❌ HOLD: Low Survival (0.00 < 0.8)
  Metrics (Accum.):   Survival=0.0040, Success=0.3754
  Sample Buffer:      1007 episodes
--------------------------------------------------------------------------------
  Episode Reward:     29.76
  Episode Length:     66.05
  Mean Rot Angle:     2.10 rad
  Current Success:    0.3754 (378/1007) rot>2.5
  Termination Dist:   Total=1007
    - Max Steps:      0 (0.0%)
    - Drop (Low Z):   860 (85.4%)
    - Tilt (Fall):    143 (14.2%)
    - Overspeed:      4 (0.4%)
================================================================================


================================================================================
Space E Curriculum Status [Epoch 3900]
================================================================================
  Current Alpha:      0.2500 (Gravity: 0.0625g)
  Curriculum Status:  ❌ HOLD: Low Survival (0.01 < 0.8)
  Metrics (Accum.):   Survival=0.0103, Success=0.3889
  Sample Buffer:      972 episodes
--------------------------------------------------------------------------------
  Episode Reward:     30.07
  Episode Length:     66.46
  Mean Rot Angle:     2.11 rad
  Current Success:    0.3889 (378/972) rot>2.5
  Termination Dist:   Total=972
    - Max Steps:      0 (0.0%)
    - Drop (Low Z):   833 (85.7%)
    - Tilt (Fall):    129 (13.3%)
    - Overspeed:      10 (1.0%)
================================================================================


================================================================================
Space E Curriculum Status [Epoch 4000]
================================================================================
  Current Alpha:      0.2500 (Gravity: 0.0625g)
  Curriculum Status:  ❌ HOLD: Low Survival (0.01 < 0.8)
  Metrics (Accum.):   Survival=0.0112, Success=0.3989
  Sample Buffer:      895 episodes
--------------------------------------------------------------------------------
  Episode Reward:     30.02
  Episode Length:     67.36
  Mean Rot Angle:     2.10 rad
  Current Success:    0.3989 (357/895) rot>2.5
  Termination Dist:   Total=895
    - Max Steps:      0 (0.0%)
    - Drop (Low Z):   760 (84.9%)
    - Tilt (Fall):    125 (14.0%)
    - Overspeed:      10 (1.1%)
================================================================================


================================================================================
Space E Curriculum Status [Epoch 4100]
================================================================================
  Current Alpha:      0.2500 (Gravity: 0.0625g)
  Curriculum Status:  ❌ HOLD: Low Survival (0.01 < 0.8)
  Metrics (Accum.):   Survival=0.0107, Success=0.3921
  Sample Buffer:      931 episodes
--------------------------------------------------------------------------------
  Episode Reward:     30.57
  Episode Length:     67.80
  Mean Rot Angle:     2.13 rad
  Current Success:    0.3921 (365/931) rot>2.5
  Termination Dist:   Total=931
    - Max Steps:      0 (0.0%)
    - Drop (Low Z):   785 (84.3%)
    - Tilt (Fall):    136 (14.6%)
    - Overspeed:      10 (1.1%)
================================================================================


================================================================================
Space E Curriculum Status [Epoch 4200]
================================================================================
  Current Alpha:      0.2500 (Gravity: 0.0625g)
  Curriculum Status:  ❌ HOLD: Low Survival (0.01 < 0.8)
  Metrics (Accum.):   Survival=0.0061, Success=0.3949
  Sample Buffer:      990 episodes
--------------------------------------------------------------------------------
  Episode Reward:     31.01
  Episode Length:     68.61
  Mean Rot Angle:     2.15 rad
  Current Success:    0.3949 (391/990) rot>2.5
  Termination Dist:   Total=990
    - Max Steps:      0 (0.0%)
    - Drop (Low Z):   867 (87.6%)
    - Tilt (Fall):    117 (11.8%)
    - Overspeed:      6 (0.6%)
================================================================================


================================================================================
Space E Curriculum Status [Epoch 4300]
================================================================================
  Current Alpha:      0.2500 (Gravity: 0.0625g)
  Curriculum Status:  ❌ HOLD: Low Survival (0.01 < 0.8)
  Metrics (Accum.):   Survival=0.0087, Success=0.4004
  Sample Buffer:      924 episodes
--------------------------------------------------------------------------------
  Episode Reward:     30.78
  Episode Length:     67.73
  Mean Rot Angle:     2.14 rad
  Current Success:    0.4004 (370/924) rot>2.5
  Termination Dist:   Total=924
    - Max Steps:      0 (0.0%)
    - Drop (Low Z):   798 (86.4%)
    - Tilt (Fall):    118 (12.8%)
    - Overspeed:      8 (0.9%)
================================================================================


================================================================================
Space E Curriculum Status [Epoch 4400]
================================================================================
  Current Alpha:      0.2500 (Gravity: 0.0625g)
  Curriculum Status:  ❌ HOLD: Low Survival (0.01 < 0.8)
  Metrics (Accum.):   Survival=0.0095, Success=0.4120
  Sample Buffer:      949 episodes
--------------------------------------------------------------------------------
  Episode Reward:     31.33
  Episode Length:     68.13
  Mean Rot Angle:     2.16 rad
  Current Success:    0.4120 (391/949) rot>2.5
  Termination Dist:   Total=949
    - Max Steps:      0 (0.0%)
    - Drop (Low Z):   812 (85.6%)
    - Tilt (Fall):    128 (13.5%)
    - Overspeed:      9 (0.9%)
================================================================================


================================================================================
Space E Curriculum Status [Epoch 4500]
================================================================================
  Current Alpha:      0.2500 (Gravity: 0.0625g)
  Curriculum Status:  ❌ HOLD: Low Survival (0.00 < 0.8)
  Metrics (Accum.):   Survival=0.0031, Success=0.4278
  Sample Buffer:      963 episodes
--------------------------------------------------------------------------------
  Episode Reward:     31.76
  Episode Length:     68.38
  Mean Rot Angle:     2.18 rad
  Current Success:    0.4278 (412/963) rot>2.5
  Termination Dist:   Total=963
    - Max Steps:      0 (0.0%)
    - Drop (Low Z):   828 (86.0%)
    - Tilt (Fall):    132 (13.7%)
    - Overspeed:      3 (0.3%)
================================================================================


================================================================================
Space E Curriculum Status [Epoch 4600]
================================================================================
  Current Alpha:      0.2500 (Gravity: 0.0625g)
  Curriculum Status:  ❌ HOLD: Low Survival (0.01 < 0.8)
  Metrics (Accum.):   Survival=0.0088, Success=0.3743
  Sample Buffer:      1018 episodes
--------------------------------------------------------------------------------
  Episode Reward:     31.27
  Episode Length:     67.63
  Mean Rot Angle:     2.14 rad
  Current Success:    0.3743 (381/1018) rot>2.5
  Termination Dist:   Total=1018
    - Max Steps:      0 (0.0%)
    - Drop (Low Z):   876 (86.1%)
    - Tilt (Fall):    133 (13.1%)
    - Overspeed:      9 (0.9%)
================================================================================


================================================================================
Space E Curriculum Status [Epoch 4700]
================================================================================
  Current Alpha:      0.2500 (Gravity: 0.0625g)
  Curriculum Status:  ❌ HOLD: Low Survival (0.01 < 0.8)
  Metrics (Accum.):   Survival=0.0072, Success=0.4058
  Sample Buffer:      971 episodes
--------------------------------------------------------------------------------
  Episode Reward:     31.29
  Episode Length:     67.88
  Mean Rot Angle:     2.17 rad
  Current Success:    0.4058 (394/971) rot>2.5
  Termination Dist:   Total=971
    - Max Steps:      0 (0.0%)
    - Drop (Low Z):   842 (86.7%)
    - Tilt (Fall):    122 (12.6%)
    - Overspeed:      7 (0.7%)
================================================================================


================================================================================
Space E Curriculum Status [Epoch 4800]
================================================================================
  Current Alpha:      0.2500 (Gravity: 0.0625g)
  Curriculum Status:  ❌ HOLD: Low Survival (0.01 < 0.8)
  Metrics (Accum.):   Survival=0.0112, Success=0.3943
  Sample Buffer:      984 episodes
--------------------------------------------------------------------------------
  Episode Reward:     31.53
  Episode Length:     68.11
  Mean Rot Angle:     2.16 rad
  Current Success:    0.3943 (388/984) rot>2.5
  Termination Dist:   Total=984
    - Max Steps:      0 (0.0%)
    - Drop (Low Z):   878 (89.2%)
    - Tilt (Fall):    95 (9.7%)
    - Overspeed:      11 (1.1%)
================================================================================


================================================================================
Space E Curriculum Status [Epoch 4900]
================================================================================
  Current Alpha:      0.2500 (Gravity: 0.0625g)
  Curriculum Status:  ❌ HOLD: Low Survival (0.01 < 0.8)
  Metrics (Accum.):   Survival=0.0126, Success=0.4239
  Sample Buffer:      953 episodes
--------------------------------------------------------------------------------
  Episode Reward:     31.39
  Episode Length:     67.73
  Mean Rot Angle:     2.16 rad
  Current Success:    0.4239 (404/953) rot>2.5
  Termination Dist:   Total=953
    - Max Steps:      0 (0.0%)
    - Drop (Low Z):   834 (87.5%)
    - Tilt (Fall):    107 (11.2%)
    - Overspeed:      12 (1.3%)
================================================================================


================================================================================
Space E Curriculum Status [Epoch 5000]
================================================================================
  Current Alpha:      0.2500 (Gravity: 0.0625g)
  Curriculum Status:  ❌ HOLD: Low Survival (0.01 < 0.8)
  Metrics (Accum.):   Survival=0.0086, Success=0.4220
  Sample Buffer:      929 episodes
--------------------------------------------------------------------------------
  Episode Reward:     31.91
  Episode Length:     68.64
  Mean Rot Angle:     2.18 rad
  Current Success:    0.4220 (392/929) rot>2.5
  Termination Dist:   Total=929
    - Max Steps:      0 (0.0%)
    - Drop (Low Z):   801 (86.2%)
    - Tilt (Fall):    120 (12.9%)
    - Overspeed:      8 (0.9%)
================================================================================


================================================================================
Space E Curriculum Status [Epoch 5100]
================================================================================
  Current Alpha:      0.2500 (Gravity: 0.0625g)
  Curriculum Status:  ❌ HOLD: Low Survival (0.01 < 0.8)
  Metrics (Accum.):   Survival=0.0103, Success=0.4132
  Sample Buffer:      968 episodes
--------------------------------------------------------------------------------
  Episode Reward:     31.22
  Episode Length:     68.06
  Mean Rot Angle:     2.16 rad
  Current Success:    0.4132 (400/968) rot>2.5
  Termination Dist:   Total=968
    - Max Steps:      0 (0.0%)
    - Drop (Low Z):   827 (85.4%)
    - Tilt (Fall):    131 (13.5%)
    - Overspeed:      10 (1.0%)
================================================================================


================================================================================
Space E Curriculum Status [Epoch 5200]
================================================================================
  Current Alpha:      0.2500 (Gravity: 0.0625g)
  Curriculum Status:  ❌ HOLD: Low Survival (0.01 < 0.8)
  Metrics (Accum.):   Survival=0.0053, Success=0.4081
  Sample Buffer:      936 episodes
--------------------------------------------------------------------------------
  Episode Reward:     31.85
  Episode Length:     68.86
  Mean Rot Angle:     2.19 rad
  Current Success:    0.4081 (382/936) rot>2.5
  Termination Dist:   Total=936
    - Max Steps:      0 (0.0%)
    - Drop (Low Z):   794 (84.8%)
    - Tilt (Fall):    137 (14.6%)
    - Overspeed:      5 (0.5%)
================================================================================


================================================================================
Space E Curriculum Status [Epoch 5300]
================================================================================
  Current Alpha:      0.2500 (Gravity: 0.0625g)
  Curriculum Status:  ❌ HOLD: Low Survival (0.01 < 0.8)
  Metrics (Accum.):   Survival=0.0111, Success=0.4243
  Sample Buffer:      898 episodes
--------------------------------------------------------------------------------
  Episode Reward:     32.15
  Episode Length:     69.86
  Mean Rot Angle:     2.20 rad
  Current Success:    0.4243 (381/898) rot>2.5
  Termination Dist:   Total=898
    - Max Steps:      0 (0.0%)
    - Drop (Low Z):   766 (85.3%)
    - Tilt (Fall):    122 (13.6%)
    - Overspeed:      10 (1.1%)
================================================================================


================================================================================
Space E Curriculum Status [Epoch 5400]
================================================================================
  Current Alpha:      0.2500 (Gravity: 0.0625g)
  Curriculum Status:  ❌ HOLD: Low Survival (0.01 < 0.8)
  Metrics (Accum.):   Survival=0.0086, Success=0.4270
  Sample Buffer:      932 episodes
--------------------------------------------------------------------------------
  Episode Reward:     32.29
  Episode Length:     69.48
  Mean Rot Angle:     2.21 rad
  Current Success:    0.4270 (398/932) rot>2.5
  Termination Dist:   Total=932
    - Max Steps:      0 (0.0%)
    - Drop (Low Z):   813 (87.2%)
    - Tilt (Fall):    111 (11.9%)
    - Overspeed:      8 (0.9%)
================================================================================


================================================================================
Space E Curriculum Status [Epoch 5500]
================================================================================
  Current Alpha:      0.2500 (Gravity: 0.0625g)
  Curriculum Status:  ❌ HOLD: Low Survival (0.01 < 0.8)
  Metrics (Accum.):   Survival=0.0065, Success=0.4085
  Sample Buffer:      918 episodes
--------------------------------------------------------------------------------
  Episode Reward:     32.28
  Episode Length:     69.52
  Mean Rot Angle:     2.19 rad
  Current Success:    0.4085 (375/918) rot>2.5
  Termination Dist:   Total=918
    - Max Steps:      0 (0.0%)
    - Drop (Low Z):   786 (85.6%)
    - Tilt (Fall):    126 (13.7%)
    - Overspeed:      6 (0.7%)
================================================================================


================================================================================
Space E Curriculum Status [Epoch 5600]
================================================================================
  Current Alpha:      0.2500 (Gravity: 0.0625g)
  Curriculum Status:  ❌ HOLD: Low Survival (0.01 < 0.8)
  Metrics (Accum.):   Survival=0.0055, Success=0.4311
  Sample Buffer:      907 episodes
--------------------------------------------------------------------------------
  Episode Reward:     32.62
  Episode Length:     70.30
  Mean Rot Angle:     2.21 rad
  Current Success:    0.4311 (391/907) rot>2.5
  Termination Dist:   Total=907
    - Max Steps:      0 (0.0%)
    - Drop (Low Z):   760 (83.8%)
    - Tilt (Fall):    142 (15.7%)
    - Overspeed:      5 (0.6%)
================================================================================


================================================================================
Space E Curriculum Status [Epoch 5700]
================================================================================
  Current Alpha:      0.2500 (Gravity: 0.0625g)
  Curriculum Status:  ❌ HOLD: Low Survival (0.01 < 0.8)
  Metrics (Accum.):   Survival=0.0088, Success=0.4179
  Sample Buffer:      907 episodes
--------------------------------------------------------------------------------
  Episode Reward:     32.51
  Episode Length:     70.86
  Mean Rot Angle:     2.23 rad
  Current Success:    0.4179 (379/907) rot>2.5
  Termination Dist:   Total=907
    - Max Steps:      0 (0.0%)
    - Drop (Low Z):   742 (81.8%)
    - Tilt (Fall):    157 (17.3%)
    - Overspeed:      8 (0.9%)
================================================================================


================================================================================
Space E Curriculum Status [Epoch 5800]
================================================================================
  Current Alpha:      0.2500 (Gravity: 0.0625g)
  Curriculum Status:  ❌ HOLD: Low Survival (0.01 < 0.8)
  Metrics (Accum.):   Survival=0.0085, Success=0.4125
  Sample Buffer:      943 episodes
--------------------------------------------------------------------------------
  Episode Reward:     32.78
  Episode Length:     71.18
  Mean Rot Angle:     2.24 rad
  Current Success:    0.4125 (389/943) rot>2.5
  Termination Dist:   Total=943
    - Max Steps:      0 (0.0%)
    - Drop (Low Z):   828 (87.8%)
    - Tilt (Fall):    107 (11.3%)
    - Overspeed:      8 (0.8%)
================================================================================


================================================================================
Space E Curriculum Status [Epoch 5900]
================================================================================
  Current Alpha:      0.2500 (Gravity: 0.0625g)
  Curriculum Status:  ❌ HOLD: Low Survival (0.01 < 0.8)
  Metrics (Accum.):   Survival=0.0052, Success=0.4699
  Sample Buffer:      964 episodes
--------------------------------------------------------------------------------
  Episode Reward:     32.90
  Episode Length:     70.62
  Mean Rot Angle:     2.24 rad
  Current Success:    0.4699 (453/964) rot>2.5
  Termination Dist:   Total=964
    - Max Steps:      0 (0.0%)
    - Drop (Low Z):   829 (86.0%)
    - Tilt (Fall):    130 (13.5%)
    - Overspeed:      5 (0.5%)
================================================================================


================================================================================
Space E Curriculum Status [Epoch 6000]
================================================================================
  Current Alpha:      0.2500 (Gravity: 0.0625g)
  Curriculum Status:  ❌ HOLD: Low Survival (0.01 < 0.8)
  Metrics (Accum.):   Survival=0.0101, Success=0.4315
  Sample Buffer:      890 episodes
--------------------------------------------------------------------------------
  Episode Reward:     32.67
  Episode Length:     71.08
  Mean Rot Angle:     2.22 rad
  Current Success:    0.4315 (384/890) rot>2.5
  Termination Dist:   Total=890
    - Max Steps:      0 (0.0%)
    - Drop (Low Z):   749 (84.2%)
    - Tilt (Fall):    132 (14.8%)
    - Overspeed:      9 (1.0%)
================================================================================


================================================================================
Space E Curriculum Status [Epoch 6100]
================================================================================
  Current Alpha:      0.2500 (Gravity: 0.0625g)
  Curriculum Status:  ❌ HOLD: Low Survival (0.01 < 0.8)
  Metrics (Accum.):   Survival=0.0096, Success=0.4309
  Sample Buffer:      933 episodes
--------------------------------------------------------------------------------
  Episode Reward:     32.35
  Episode Length:     70.15
  Mean Rot Angle:     2.21 rad
  Current Success:    0.4309 (402/933) rot>2.5
  Termination Dist:   Total=933
    - Max Steps:      0 (0.0%)
    - Drop (Low Z):   776 (83.2%)
    - Tilt (Fall):    148 (15.9%)
    - Overspeed:      9 (1.0%)
================================================================================


================================================================================
Space E Curriculum Status [Epoch 6200]
================================================================================
  Current Alpha:      0.2500 (Gravity: 0.0625g)
  Curriculum Status:  ❌ HOLD: Low Survival (0.00 < 0.8)
  Metrics (Accum.):   Survival=0.0023, Success=0.4428
  Sample Buffer:      883 episodes
--------------------------------------------------------------------------------
  Episode Reward:     32.58
  Episode Length:     70.85
  Mean Rot Angle:     2.22 rad
  Current Success:    0.4428 (391/883) rot>2.5
  Termination Dist:   Total=883
    - Max Steps:      0 (0.0%)
    - Drop (Low Z):   759 (86.0%)
    - Tilt (Fall):    122 (13.8%)
    - Overspeed:      2 (0.2%)
================================================================================


================================================================================
Space E Curriculum Status [Epoch 6300]
================================================================================
  Current Alpha:      0.2500 (Gravity: 0.0625g)
  Curriculum Status:  ❌ HOLD: Low Survival (0.01 < 0.8)
  Metrics (Accum.):   Survival=0.0097, Success=0.4388
  Sample Buffer:      932 episodes
--------------------------------------------------------------------------------
  Episode Reward:     32.00
  Episode Length:     70.39
  Mean Rot Angle:     2.19 rad
  Current Success:    0.4388 (409/932) rot>2.5
  Termination Dist:   Total=932
    - Max Steps:      0 (0.0%)
    - Drop (Low Z):   764 (82.0%)
    - Tilt (Fall):    159 (17.1%)
    - Overspeed:      9 (1.0%)
================================================================================


================================================================================
Space E Curriculum Status [Epoch 6400]
================================================================================
  Current Alpha:      0.2500 (Gravity: 0.0625g)
  Curriculum Status:  ❌ HOLD: Low Survival (0.01 < 0.8)
  Metrics (Accum.):   Survival=0.0098, Success=0.4063
  Sample Buffer:      918 episodes
--------------------------------------------------------------------------------
  Episode Reward:     32.46
  Episode Length:     71.38
  Mean Rot Angle:     2.22 rad
  Current Success:    0.4063 (373/918) rot>2.5
  Termination Dist:   Total=918
    - Max Steps:      0 (0.0%)
    - Drop (Low Z):   759 (82.7%)
    - Tilt (Fall):    150 (16.3%)
    - Overspeed:      9 (1.0%)
================================================================================


================================================================================
Space E Curriculum Status [Epoch 6500]
================================================================================
  Current Alpha:      0.2500 (Gravity: 0.0625g)
  Curriculum Status:  ❌ HOLD: Low Survival (0.01 < 0.8)
  Metrics (Accum.):   Survival=0.0099, Success=0.3947
  Sample Buffer:      907 episodes
--------------------------------------------------------------------------------
  Episode Reward:     32.07
  Episode Length:     71.33
  Mean Rot Angle:     2.21 rad
  Current Success:    0.3947 (358/907) rot>2.5
  Termination Dist:   Total=907
    - Max Steps:      0 (0.0%)
    - Drop (Low Z):   734 (80.9%)
    - Tilt (Fall):    164 (18.1%)
    - Overspeed:      9 (1.0%)
================================================================================


================================================================================
Space E Curriculum Status [Epoch 6600]
================================================================================
  Current Alpha:      0.2500 (Gravity: 0.0625g)
  Curriculum Status:  ❌ HOLD: Low Survival (0.01 < 0.8)
  Metrics (Accum.):   Survival=0.0080, Success=0.4039
  Sample Buffer:      879 episodes
--------------------------------------------------------------------------------
  Episode Reward:     32.33
  Episode Length:     72.35
  Mean Rot Angle:     2.23 rad
  Current Success:    0.4039 (355/879) rot>2.5
  Termination Dist:   Total=879
    - Max Steps:      0 (0.0%)
    - Drop (Low Z):   712 (81.0%)
    - Tilt (Fall):    160 (18.2%)
    - Overspeed:      7 (0.8%)
================================================================================


================================================================================
Space E Curriculum Status [Epoch 6700]
================================================================================
  Current Alpha:      0.2500 (Gravity: 0.0625g)
  Curriculum Status:  ❌ HOLD: Low Survival (0.01 < 0.8)
  Metrics (Accum.):   Survival=0.0059, Success=0.4547
  Sample Buffer:      849 episodes
--------------------------------------------------------------------------------
  Episode Reward:     32.46
  Episode Length:     72.78
  Mean Rot Angle:     2.24 rad
  Current Success:    0.4547 (386/849) rot>2.5
  Termination Dist:   Total=849
    - Max Steps:      0 (0.0%)
    - Drop (Low Z):   698 (82.2%)
    - Tilt (Fall):    146 (17.2%)
    - Overspeed:      5 (0.6%)
================================================================================


================================================================================
Space E Curriculum Status [Epoch 6800]
================================================================================
  Current Alpha:      0.2500 (Gravity: 0.0625g)
  Curriculum Status:  ❌ HOLD: Low Survival (0.01 < 0.8)
  Metrics (Accum.):   Survival=0.0149, Success=0.4204
  Sample Buffer:      942 episodes
--------------------------------------------------------------------------------
  Episode Reward:     32.60
  Episode Length:     71.50
  Mean Rot Angle:     2.23 rad
  Current Success:    0.4204 (396/942) rot>2.5
  Termination Dist:   Total=942
    - Max Steps:      0 (0.0%)
    - Drop (Low Z):   770 (81.7%)
    - Tilt (Fall):    158 (16.8%)
    - Overspeed:      14 (1.5%)
================================================================================


================================================================================
Space E Curriculum Status [Epoch 6900]
================================================================================
  Current Alpha:      0.2500 (Gravity: 0.0625g)
  Curriculum Status:  ❌ HOLD: Low Survival (0.01 < 0.8)
  Metrics (Accum.):   Survival=0.0066, Success=0.4604
  Sample Buffer:      910 episodes
--------------------------------------------------------------------------------
  Episode Reward:     33.07
  Episode Length:     71.77
  Mean Rot Angle:     2.25 rad
  Current Success:    0.4604 (419/910) rot>2.5
  Termination Dist:   Total=910
    - Max Steps:      0 (0.0%)
    - Drop (Low Z):   766 (84.2%)
    - Tilt (Fall):    138 (15.2%)
    - Overspeed:      6 (0.7%)
================================================================================


================================================================================
Space E Curriculum Status [Epoch 7000]
================================================================================
  Current Alpha:      0.2500 (Gravity: 0.0625g)
  Curriculum Status:  ❌ HOLD: Low Survival (0.01 < 0.8)
  Metrics (Accum.):   Survival=0.0065, Success=0.4443
  Sample Buffer:      925 episodes
--------------------------------------------------------------------------------
  Episode Reward:     32.55
  Episode Length:     71.15
  Mean Rot Angle:     2.23 rad
  Current Success:    0.4443 (411/925) rot>2.5
  Termination Dist:   Total=925
    - Max Steps:      0 (0.0%)
    - Drop (Low Z):   764 (82.6%)
    - Tilt (Fall):    155 (16.8%)
    - Overspeed:      6 (0.6%)
================================================================================


================================================================================
Space E Curriculum Status [Epoch 7100]
================================================================================
  Current Alpha:      0.2500 (Gravity: 0.0625g)
  Curriculum Status:  ❌ HOLD: Low Survival (0.01 < 0.8)
  Metrics (Accum.):   Survival=0.0071, Success=0.4488
  Sample Buffer:      987 episodes
--------------------------------------------------------------------------------
  Episode Reward:     32.64
  Episode Length:     72.04
  Mean Rot Angle:     2.25 rad
  Current Success:    0.4488 (443/987) rot>2.5
  Termination Dist:   Total=987
    - Max Steps:      0 (0.0%)
    - Drop (Low Z):   845 (85.6%)
    - Tilt (Fall):    135 (13.7%)
    - Overspeed:      7 (0.7%)
================================================================================


================================================================================
Space E Curriculum Status [Epoch 7200]
================================================================================
  Current Alpha:      0.2500 (Gravity: 0.0625g)
  Curriculum Status:  ❌ HOLD: Low Survival (0.01 < 0.8)
  Metrics (Accum.):   Survival=0.0076, Success=0.4127
  Sample Buffer:      916 episodes
--------------------------------------------------------------------------------
  Episode Reward:     32.63
  Episode Length:     71.95
  Mean Rot Angle:     2.25 rad
  Current Success:    0.4127 (378/916) rot>2.5
  Termination Dist:   Total=916
    - Max Steps:      0 (0.0%)
    - Drop (Low Z):   780 (85.2%)
    - Tilt (Fall):    129 (14.1%)
    - Overspeed:      7 (0.8%)
================================================================================


================================================================================
Space E Curriculum Status [Epoch 7300]
================================================================================
  Current Alpha:      0.2500 (Gravity: 0.0625g)
  Curriculum Status:  ❌ HOLD: Low Survival (0.01 < 0.8)
  Metrics (Accum.):   Survival=0.0119, Success=0.4289
  Sample Buffer:      928 episodes
--------------------------------------------------------------------------------
  Episode Reward:     32.44
  Episode Length:     71.90
  Mean Rot Angle:     2.22 rad
  Current Success:    0.4289 (398/928) rot>2.5
  Termination Dist:   Total=928
    - Max Steps:      0 (0.0%)
    - Drop (Low Z):   787 (84.8%)
    - Tilt (Fall):    130 (14.0%)
    - Overspeed:      11 (1.2%)
================================================================================


================================================================================
Space E Curriculum Status [Epoch 7400]
================================================================================
  Current Alpha:      0.2500 (Gravity: 0.0625g)
  Curriculum Status:  ❌ HOLD: Low Survival (0.01 < 0.8)
  Metrics (Accum.):   Survival=0.0087, Success=0.4219
  Sample Buffer:      922 episodes
--------------------------------------------------------------------------------
  Episode Reward:     32.36
  Episode Length:     72.76
  Mean Rot Angle:     2.23 rad
  Current Success:    0.4219 (389/922) rot>2.5
  Termination Dist:   Total=922
    - Max Steps:      0 (0.0%)
    - Drop (Low Z):   764 (82.9%)
    - Tilt (Fall):    150 (16.3%)
    - Overspeed:      8 (0.9%)
================================================================================


================================================================================
Space E Curriculum Status [Epoch 7500]
================================================================================
  Current Alpha:      0.2500 (Gravity: 0.0625g)
  Curriculum Status:  ❌ HOLD: Low Survival (0.01 < 0.8)
  Metrics (Accum.):   Survival=0.0139, Success=0.4065
  Sample Buffer:      861 episodes
--------------------------------------------------------------------------------
  Episode Reward:     31.90
  Episode Length:     71.81
  Mean Rot Angle:     2.20 rad
  Current Success:    0.4065 (350/861) rot>2.5
  Termination Dist:   Total=861
    - Max Steps:      0 (0.0%)
    - Drop (Low Z):   692 (80.4%)
    - Tilt (Fall):    157 (18.2%)
    - Overspeed:      12 (1.4%)
================================================================================


================================================================================
Space E Curriculum Status [Epoch 7600]
================================================================================
  Current Alpha:      0.2500 (Gravity: 0.0625g)
  Curriculum Status:  ❌ HOLD: Low Survival (0.01 < 0.8)
  Metrics (Accum.):   Survival=0.0138, Success=0.4638
  Sample Buffer:      869 episodes
--------------------------------------------------------------------------------
  Episode Reward:     32.34
  Episode Length:     73.18
  Mean Rot Angle:     2.23 rad
  Current Success:    0.4638 (403/869) rot>2.5
  Termination Dist:   Total=869
    - Max Steps:      0 (0.0%)
    - Drop (Low Z):   714 (82.2%)
    - Tilt (Fall):    143 (16.5%)
    - Overspeed:      12 (1.4%)
================================================================================

max steps achieved
Final best reward: 33.29
Final success rate: 0.5054
Final mean rotation angle (rad): 2.2482

OPTUNA_METRICS: reward=33.2911 success_rate=0.5054 mean_rot_angle=2.2482
