==========================================
启动命令
==========================================
完整命令:
CUDA_VISIBLE_DEVICES=0 \
python train.py task=LinkerHandHora headless=True seed=42 \
  train.ppo.output_name=LinkerHandHora/spaceE_curriculum_waypointfixed_0.25_1.5-1.15_20251209_142205 \
  train.algo=PPOTeacher \
  task.env.grasp_cache_name=3_30000_49_nofly \
  task.env.flyingHand.enabled=False \
  task.env.asset.handAsset='assets/linker_hand/L25_dof_urdf.urdf' \
  task.env.numActions=21 \
  task.env.numObservations=126 \
  train.ppo.max_agent_steps=10000000000 \
  task.env.initPoseMode=low \
  task.env.relative_z_drop_threshold=0.04 \
  task.env.pencil_tilt_threshold=0.04 \
  
==========================================

Importing module 'gym_38' (/home/user/Code/isaacgym/python/isaacgym/_bindings/linux-x86_64/gym_38.so)
Setting GYM_USD_PLUG_INFO_PATH to /home/user/Code/isaacgym/python/isaacgym/_bindings/linux-x86_64/usd/plugInfo.json
Gym has been unmaintained since 2022 and does not support NumPy 2.0 amongst other critical functionality.
Please upgrade to Gymnasium, the maintained drop-in replacement of Gym, or contact the authors of your software and request that they upgrade.
Users of this version of Gym should be able to simply replace 'import gym' with 'import gymnasium as gym' in the vast majority of cases.
See the migration guide at https://gymnasium.farama.org/introduction/migration_guide/ for additional information.
PyTorch version 2.4.1
Device count 1
/home/user/Code/isaacgym/python/isaacgym/_bindings/src/gymtorch
Using /home/user/.cache/torch_extensions/py38_cu121 as PyTorch extensions root...
Emitting ninja build file /home/user/.cache/torch_extensions/py38_cu121/gymtorch/build.ninja...
Building extension module gymtorch...
Allowing ninja to set a default number of workers... (overridable by setting the environment variable MAX_JOBS=N)
ninja: no work to do.
Loading extension module gymtorch...
task_name: LinkerHandHora
experiment: 
num_envs: 
seed: 42
physics_engine: physx
pipeline: gpu
sim_device: cuda:0
rl_device: cuda:0
graphics_device_id: 0
num_threads: 4
solver_type: 1
num_subscenes: 0
test: False
checkpoint: 
headless: True
task: 
    name: LinkerHandHora
    physics_engine: physx
    on_evaluation: False
    eval_cache_name: debug
    env: 
        initPoseMode: low
        numEnvs: 4096
        numObservations: 126
        numActions: 21
        envSpacing: 0.5
        flyingHand: 
            enabled: False
            defaultHeight: 0.35
            heightLower: 0.3
            heightUpper: 0.4
            xyLimit: 0.05
            linearVelocity: 0.1
            angularVelocity: 2.0
            basePgain: 10000.0
            baseDgain: 200.0
        asset: 
            handAsset: assets/linker_hand/L25_dof_urdf.urdf
        handBaseInit: 
            position: [0.0, 0.0, 0.35]
            rotation: [0.0, -1.31, 0.0]
        actionSpace: 
            disableRingLittleFinger: True
        episodeLength: 400
        enableDebugVis: False
        aggregateMode: 1
        controller: 
            torque_control: True
            controlFrequencyInv: 10
            pgain: 6
            dgain: 0.2
            action_scale: 0.04167
            torque_limit: 1.5
        rotation_axis: [0, 0, 1]
        genGrasps: False
        genGraspCategory: pencil
        clipObservations: 5.0
        clipActions: 1.0
        relative_z_drop_threshold: 0.04
        pencil_tilt_threshold: 0.04
        grasp_cache_name: 3_30000_49_nofly
        forceScale: 2.0
        randomForceProbScalar: 0.25
        forceDecay: 0.9
        forceDecayInterval: 0.08
        enable_obj_ends: True
        hora: 
            propHistoryLen: 30
            critic_obs_dim: 100
            point_cloud_sampled_dim: 100
            render_slowness: 1
        reward: 
            use_gaussian_angvel_reward: True
            target_angvel: 3.14
            angvel_sigma: 1.0
            angvelClipMin: -0.5
            angvelClipMax: 0.5
            angvelPenaltyThresHigh: 1.0
            angvelPenaltyThresLow: -0.5
            rotate_reward_scale: 1.0
            obj_linvel_penalty_scale: -0.3
            torque_penalty_scale: -0.01
            rotate_penalty_scale: 0.0
            axial_tilt_penalty_scale: -1.5
            axial_tilt_threshold: 0.03
            position_penalty_scale: -0.1
            flying_base_movement_penalty_scale: -0.1
            waypoint_tracking_reward_scale: 3.0
            waypoint_sigma: 0.05
            waypoint_half_period_symmetric: True
            ema_alpha: 0.15
            jitter_penalty_scale: -0.5
            reverse_penalty_scale: -1.0
            log_scale_beta: 1.0
        baseObjScale: 1.0
        randomization: 
            randomizeMass: True
            randomizeMassLower: 0.035
            randomizeMassUpper: 0.048
            randomizeCOM: True
            randomizeCOMLower: -0.002
            randomizeCOMUpper: 0.002
            randomizeFriction: True
            randomizeFrictionLower: 0.4
            randomizeFrictionUpper: 1.2
            randomizeRestitution: True
            randomizeRestitutionLower: 0.1
            randomizeRestitutionUpper: 0.5
            randomizeScale: True
            randomize_hand_scale: False
            scaleListInit: True
            randomizeScaleList: [1.0]
            randomizeScaleLower: 1.0
            randomizeScaleUpper: 1.0
            randomizePDGains: True
            randomizePGainLower: 2.5
            randomizePGainUpper: 3.5
            randomizeDGainLower: 0.09
            randomizeDGainUpper: 0.11
            obs_noise_e_scale: 0.01
            obs_noise_t_scale: 0.005
            pose_noise_scale: 0
            action_noise_e_scale: 0.01
            action_noise_t_scale: 0.005
            jointNoiseScale: 0.0
            noisy_rpy_scale: 0.1
            noisy_pos_scale: 0.02
        privInfo: 
            enableObjPos: True
            enableObjMass: True
            enableObjCOM: True
            enableObjFriction: True
            enable_obj_restitution: True
            enable_tactile: True
            contact_form: gpu_contact
            enable_obj_linvel: True
            enable_obj_angvel: True
            enable_ft_pos: True
            enable_obj_orientation: True
            enable_ft_orientation: False
            enable_ft_linvel: True
            enable_ft_angvel: False
            enable_hand_scale: False
        object: 
            type: cylinder_linkerpen
            evalObjectType: None
            sampleProb: [1.0]
        useVHACD: False
        enableCameraSensors: False
        curriculum: 
            mode: SpaceE
            alpha_start: 0.25
            alpha_end: 1.0
            curriculum_steps: 100000000
            ratio_threshold: 0.05
            success_rot_threshold: 10.0
            use_adaptive_threshold: True
    sim: 
        dt: 0.005
        substeps: 1
        up_axis: z
        use_gpu_pipeline: True
        gravity: [0.0, 0.0, -9.81]
        physx: 
            num_threads: 4
            solver_type: 1
            use_gpu: True
            num_position_iterations: 8
            num_velocity_iterations: 0
            max_gpu_contact_pairs: 8388608
            num_subscenes: 0
            contact_offset: 0.002
            rest_offset: 0.0
            bounce_threshold_velocity: 0.2
            max_depenetration_velocity: 1000.0
            default_buffer_size_multiplier: 5.0
            contact_collection: 1
train: 
    seed: 42
    algo: PPOTeacher
    network: 
        mlp: 
            units: [512, 256, 128]
        priv_mlp: 
            units: [256, 128, 8]
        point_mlp: 
            units: [32, 32, 32]
        contact_mlp: 
            units: [32, 32, 32]
        use_point_transformer: False
    load_path: 
    demon_path: None
    ppo: 
        output_name: LinkerHandHora/spaceE_curriculum_waypointfixed_0.25_1.5-1.15_20251209_142205
        multi_gpu: False
        normalize_input: True
        normalize_value: True
        normalize_priv: True
        normalize_point_cloud: True
        value_bootstrap: True
        num_actors: 4096
        normalize_advantage: True
        gamma: 0.99
        tau: 0.95
        learning_rate: 0.005
        weight_decay: 0.0001
        kl_threshold: 0.01
        is_demon: True
        horizon_length: 16
        minibatch_size: 16384
        mini_epochs: 5
        clip_value: True
        critic_coef: 4
        entropy_coef: 0.0
        e_clip: 0.2
        bounds_loss_coef: 0.0
        distill_loss_coef: 0.0
        bc_loss_coef: 1.0
        truncate_grads: True
        grad_norm: 1.0
        save_best_after: 50000000
        save_frequency: 500
        max_agent_steps: 500000000
        priv_info: True
        proprio_mode: True
        input_mode: proprio-ends
        use_point_cloud_info: True
        proprio_len: 30
        distill: False
        priv_info_embed_dim: 8
        proprio_adapt: False
        asymm_actor_critic: False
        critic_info_dim: 100
        enable_latent_loss: False
        use_l1: False
    padapt: 
        action_imitation: False
        cache_suffix: stage2
        with_noisy_quat: False
        with_goal_quat: False
        iter_per_step: 1
        expert_fine_contact: False
        contact_distillation: False
        conv_with_batch_norm: False
        use_deformable_conv: False
        use_temporal_transformer: False
        use_position_encoder: False
        separate_temporal_fusion: False
Start Building the Environment
Hand asset file: assets/linker_hand/L25_dof_urdf.urdf
---- Object Setup (LinkerPen) ----
Object type: cylinder_linkerpen
---- Object List ----
using 1 training objects: ['linkerpen']

[角速度奖励] 使用 Gaussian Kernel 模式:
  目标角速度: 3.14 rad/s (0.500 Hz)
  高斯核带宽 σ: 1.00

[Anti-Hacking] EMA 速度门控:
  EMA α: 0.150

======================================================================
动作空间配置 (Action Space Configuration)
======================================================================
Flying Hand 启用:     False
禁用无名指和小拇指:   True
策略动作维度:         13
仿真 DOF 总数:        21
----------------------------------------------------------------------
手部动作维度:         13
  策略索引 [0-3]  -> middle [仿真 0-3]
  策略索引 [4-7]  -> index  [仿真 8-11]
  策略索引 [8-12] -> thumb  [仿真 16-20]
禁用的仿真 DOF:       [4, 5, 6, 7, 12, 13, 14, 15]
======================================================================

[PrivInfo Verify] OK: priv_info_dim=64, total_span=64, slices=11

================================================================================
启用的特权信息 (Privileged Information) 配置:
================================================================================
名称                             索引范围            维度       状态
--------------------------------------------------------------------------------
obj_position                   [ 0: 3]         3        [固定启用]
obj_mass                       [ 3: 4]         1        [固定启用]
obj_friction                   [ 4: 5]         1        [固定启用]
obj_com                        [ 5: 8]         3        [固定启用]
--------------------------------------------------------------------------------
obj_orientation                [ 8:12]         4        ✓ 已启用
obj_linvel                     [12:15]         3        ✓ 已启用
obj_angvel                     [15:18]         3        ✓ 已启用
fingertip_position             [18:33]         15       ✓ 已启用
fingertip_linvel               [33:48]         15       ✓ 已启用
obj_restitution                [48:49]         1        ✓ 已启用
tactile                        [49:64]         15       ✓ 已启用
--------------------------------------------------------------------------------
未启用的可选特权信息:
fingertip_orientation                                   ✗ 未启用
fingertip_angvel                                        ✗ 未启用
hand_scale                                              ✗ 未启用
--------------------------------------------------------------------------------
总计: 12 项启用, 总维度 = 64
priv_info_dim (缓冲区大小) = 64
================================================================================

Not connected to PVD
+++ Using GPU PhysX
Physics Engine: PhysX
Physics Device: cuda:0
GPU Pipeline: enabled
[Asset] Using submesh convex decomposition for hand collision
LinkerPen loaded: radius=0.009m, length=0.18m (no scale applied)

================================================================================
环境初始化 - 显存相关参数
================================================================================
num_envs (环境数量):        4096
环境间距 (spacing):         0.5
每行环境数 (num_per_row):   64
手部刚体数量:               22
物体刚体数量:               1
总刚体数/环境:              23
================================================================================
开始创建 4096 个并行环境...
================================================================================

环境创建进度: 0/4096 (0.0%)
======================================================================
物体物理属性（随机化后的最终值）
======================================================================
随机化配置:
  - 质量随机化: True [0.035, 0.048]
  - 质心随机化: True [-0.002, 0.002]
  - 摩擦随机化: True [0.4, 1.2]
  - 恢复系数随机化: True [0.1, 0.5]
本环境实际值:
  - 总质量: 0.0454 kg (45.38 g)
  - 摩擦系数: 0.8091
  - 恢复系数: 0.3006
  - 质心偏移: [0.0012404535787167228, 0.0014682892743204147, 0.0016529622102258853]

====================================================================================================
IsaacGym 物体物理属性验证 (Object Physical Properties Verification)
====================================================================================================

--- 刚体属性 (Rigid Body Properties) ---
刚体数量: 1

  [Link 0]
    质量 (mass):           0.045378 kg (45.38 g)
    质心 (COM):            (0.001240, 0.001468, 0.001653) m
    惯量 (inertia):
      Ixx: 1.77093738e-04, Ixy: 0.00000000e+00, Ixz: 0.00000000e+00
      Iyx: 0.00000000e+00, Iyy: 1.77093738e-04, Iyz: 0.00000000e+00
      Izx: 0.00000000e+00, Izy: 0.00000000e+00, Izz: 2.47233288e-06
    flags:                 0

  总质量 (Total Mass): 0.045378 kg (45.38 g)

--- 形状属性 (Shape Properties) ---
形状数量: 3

  [Shape 0]
    摩擦系数 (friction):       0.8091
    恢复系数 (restitution):    0.3006
    滚动摩擦 (rolling_friction): 0.0000
    扭转摩擦 (torsion_friction): 0.0000
    接触偏移 (contact_offset):  0.002000
    静止偏移 (rest_offset):     0.000000
    合规性 (compliance):       0.000000
    厚度 (thickness):          0.000000

  [Shape 1]
    摩擦系数 (friction):       0.8091
    恢复系数 (restitution):    0.3006
    滚动摩擦 (rolling_friction): 0.0000
    扭转摩擦 (torsion_friction): 0.0000
    接触偏移 (contact_offset):  0.002000
    静止偏移 (rest_offset):     0.000000
    合规性 (compliance):       0.000000
    厚度 (thickness):          0.000000

  [Shape 2]
    摩擦系数 (friction):       0.8091
    恢复系数 (restitution):    0.3006
    滚动摩擦 (rolling_friction): 0.0000
    扭转摩擦 (torsion_friction): 0.0000
    接触偏移 (contact_offset):  0.002000
    静止偏移 (rest_offset):     0.000000
    合规性 (compliance):       0.000000
    厚度 (thickness):          0.000000

--- 自由度属性 (DOF Properties) ---
自由度数量: 0

--- 预期值对比 (Expected from pen_gen.py) ---
  预期尼龙主体质量:  24.39 g
  预期铝头质量 (x2): 8.27 g × 2 = 16.54 g
  预期总质量:        40.93 g
  预期半径:          9 mm
  预期总长度:        180 mm (150 + 15×2)
环境创建进度: 1024/4096 (25.0%)环境创建进度: 2048/4096 (50.0%)环境创建进度: 3072/4096 (75.0%)环境创建进度: 4095/4096 (100.0%)动作空间已更新: (13,) (策略输出维度: 13)
Contact Tensor Dimension [1, numRigidBody, 3] torch.Size([4096, 23, 3])
[LinkerHandHora] 加载缓存: cache/3_30000_49_nofly_grasp_cache.npy
  缓存形状: torch.Size([30000, 49])
  缓存格式: 61维(actual+target)
[旋转轴] 使用三维向量格式: [0, 0, 1] (归一化后: [0.0, 0.0, 1.0])

======================================================================
Space E 时空扭曲编排器 (Time-Warping Orchestrator)
======================================================================
  模式:           SpaceE
  Alpha 范围:     0.25 -> 1.00
  课程步数:       1.00e+08
  相对变化阈值:   5.0%
  当前 Alpha:     0.250
----------------------------------------------------------------------
  [SpaceE] 完整动力学同构缩放（推荐）
  物理层: g'=α²g, Kp'=α²Kp, Kd'=αKd, τ'=α²τ
  观测层: v_obs=v_sim/α, F_obs=F_sim/α²
  奖励层: r_final=r_raw×α
======================================================================


[Space E Curriculum] 更新物理参数 Alpha = 0.250 (Progress: 0.0%)
  -> 重力: -0.6131 m/s² (原始: -9.81, 缩放: 0.0625)
  -> DOF 属性已更新: Kp_scale=0.0625, Kd_scale=0.2500, τ_scale=0.0625
  -> 手部 Kp: 0.3750, Kd: 0.0500
  -> PhysX contact_offset: 0.00100 (仅低 alpha 时缩放)
  -> PhysX bounce_threshold: 0.0500 (原始: 0.20)
[TP_Waypoints] 正在从 7 个原始点生成密集插值 (180°对称性扩展)...
[TP_Waypoints] 使用 180° 对称性扩展模式
[TP_Waypoints] 原始数据相位范围: [24.2°, 162.0°]
[TP_Waypoints] 扩展后数据点数: 14
[TP_Waypoints] 已生成 360 个密集 waypoint
[Waypoint Tracking] 已启用，sigma=0.05, 180°对称=True
[Waypoint Tracking] 密集点数: 360, 比较手指: middle, index, thumb (9维)

================================================================================
特权信息 (Privileged Information) 维度配置:
================================================================================
名称                             索引范围            维度       状态
--------------------------------------------------------------------------------
obj_position                   [ 0: 3]         3        [固定]
obj_mass                       [ 3: 4]         1        [固定]
obj_friction                   [ 4: 5]         1        [固定]
obj_com                        [ 5: 8]         3        [固定]
--------------------------------------------------------------------------------
obj_orientation                [ 8:12]         4        ✓
obj_linvel                     [12:15]         3        ✓
obj_angvel                     [15:18]         3        ✓
fingertip_position             [18:33]         15       ✓
fingertip_linvel               [33:48]         15       ✓
obj_restitution                [48:49]         1        ✓
tactile                        [49:64]         15       ✓
--------------------------------------------------------------------------------
总计: 11 项启用, 实际维度 = 64, 缓冲区大小 = 64
================================================================================

RunningMeanStd:  (126,)
RunningMeanStd:  64
RunningMeanStd:  3
RunningMeanStd:  (1,)

================================================================================
显存相关配置参数 (Memory-Critical Configuration)
================================================================================
环境数量 (num_actors):        4,096
Horizon 长度:                 16
Batch Size:                   65,536 = 4,096 × 16
Minibatch Size:               16,384
Mini Epochs:                  5
观察维度 (obs_shape):         126
动作维度 (actions_num):       13
特权信息维度 (priv_info):     64
Critic信息维度:               100
点云缓冲维度:                 100
本体感觉历史长度:             30
================================================================================


================================================================================
轨迹录制器初始化状态 (Trajectory Recorder Status)
================================================================================
  主进程 (LOCAL_RANK=0):  True
  相机已启用:             False
  轨迹录制器:             ✗ 未初始化
    原因: 相机未启用 (enableCameraSensors=False)
    解决方案: 在启动命令中添加 task.env.enableCameraSensors=True
================================================================================

[Space E] Initializing curriculum physics with α = 0.2500

[Space E Curriculum] 更新物理参数 Alpha = 0.250 (Progress: 0.0%)
  -> 重力: -0.6131 m/s² (原始: -9.81, 缩放: 0.0625)
  -> DOF 属性已更新: Kp_scale=0.0625, Kd_scale=0.2500, τ_scale=0.0625
  -> 手部 Kp: 0.3750, Kd: 0.0500
  -> PhysX contact_offset: 0.00100 (仅低 alpha 时缩放)
  -> PhysX bounce_threshold: 0.0500 (原始: 0.20)

================================================================================
Space E Curriculum Status [Epoch 100]
================================================================================
  Current Alpha:      0.2500 (Gravity: 0.0625g)
  Curriculum Status:  ❌ HOLD: Low Survival (0.01 < 0.8)
  Metrics (Accum.):   Survival=0.0131, Success=0.0126
  Sample Buffer:      1828 episodes
--------------------------------------------------------------------------------
  Episode Reward:     10.18
  Episode Length:     34.62
  Mean Rot Angle:     1.03 rad
  Current Success:    0.0126 (23/1828) rot>2.5
  Termination Dist:   Total=1828
    - Max Steps:      0 (0.0%)
    - Drop (Low Z):   1586 (86.8%)
    - Tilt (Fall):    218 (11.9%)
    - Overspeed:      24 (1.3%)
================================================================================


================================================================================
Space E Curriculum Status [Epoch 200]
================================================================================
  Current Alpha:      0.2500 (Gravity: 0.0625g)
  Curriculum Status:  ❌ HOLD: Low Survival (0.01 < 0.8)
  Metrics (Accum.):   Survival=0.0069, Success=0.0509
  Sample Buffer:      1592 episodes
--------------------------------------------------------------------------------
  Episode Reward:     14.18
  Episode Length:     41.45
  Mean Rot Angle:     1.27 rad
  Current Success:    0.0509 (81/1592) rot>2.5
  Termination Dist:   Total=1592
    - Max Steps:      0 (0.0%)
    - Drop (Low Z):   1328 (83.4%)
    - Tilt (Fall):    253 (15.9%)
    - Overspeed:      11 (0.7%)
================================================================================


================================================================================
Space E Curriculum Status [Epoch 300]
================================================================================
  Current Alpha:      0.2500 (Gravity: 0.0625g)
  Curriculum Status:  ❌ HOLD: Low Survival (0.01 < 0.8)
  Metrics (Accum.):   Survival=0.0059, Success=0.0720
  Sample Buffer:      1513 episodes
--------------------------------------------------------------------------------
  Episode Reward:     16.40
  Episode Length:     44.25
  Mean Rot Angle:     1.38 rad
  Current Success:    0.0720 (109/1513) rot>2.5
  Termination Dist:   Total=1513
    - Max Steps:      0 (0.0%)
    - Drop (Low Z):   1221 (80.7%)
    - Tilt (Fall):    283 (18.7%)
    - Overspeed:      9 (0.6%)
================================================================================


================================================================================
Space E Curriculum Status [Epoch 400]
================================================================================
  Current Alpha:      0.2500 (Gravity: 0.0625g)
  Curriculum Status:  ❌ HOLD: Low Survival (0.01 < 0.8)
  Metrics (Accum.):   Survival=0.0122, Success=0.1002
  Sample Buffer:      1397 episodes
--------------------------------------------------------------------------------
  Episode Reward:     17.47
  Episode Length:     45.80
  Mean Rot Angle:     1.44 rad
  Current Success:    0.1002 (140/1397) rot>2.5
  Termination Dist:   Total=1397
    - Max Steps:      0 (0.0%)
    - Drop (Low Z):   1111 (79.5%)
    - Tilt (Fall):    269 (19.3%)
    - Overspeed:      17 (1.2%)
================================================================================


================================================================================
Space E Curriculum Status [Epoch 500]
================================================================================
  Current Alpha:      0.2500 (Gravity: 0.0625g)
  Curriculum Status:  ❌ HOLD: Low Survival (0.01 < 0.8)
  Metrics (Accum.):   Survival=0.0065, Success=0.1079
  Sample Buffer:      1381 episodes
--------------------------------------------------------------------------------
  Episode Reward:     18.82
  Episode Length:     47.01
  Mean Rot Angle:     1.50 rad
  Current Success:    0.1079 (149/1381) rot>2.5
  Termination Dist:   Total=1381
    - Max Steps:      0 (0.0%)
    - Drop (Low Z):   1105 (80.0%)
    - Tilt (Fall):    267 (19.3%)
    - Overspeed:      9 (0.7%)
================================================================================


================================================================================
Space E Curriculum Status [Epoch 600]
================================================================================
  Current Alpha:      0.2500 (Gravity: 0.0625g)
  Curriculum Status:  ❌ HOLD: Low Survival (0.01 < 0.8)
  Metrics (Accum.):   Survival=0.0105, Success=0.1250
  Sample Buffer:      1424 episodes
--------------------------------------------------------------------------------
  Episode Reward:     19.84
  Episode Length:     48.42
  Mean Rot Angle:     1.54 rad
  Current Success:    0.1250 (178/1424) rot>2.5
  Termination Dist:   Total=1424
    - Max Steps:      0 (0.0%)
    - Drop (Low Z):   1148 (80.6%)
    - Tilt (Fall):    261 (18.3%)
    - Overspeed:      15 (1.1%)
================================================================================


================================================================================
Space E Curriculum Status [Epoch 700]
================================================================================
  Current Alpha:      0.2500 (Gravity: 0.0625g)
  Curriculum Status:  ❌ HOLD: Low Survival (0.01 < 0.8)
  Metrics (Accum.):   Survival=0.0052, Success=0.1288
  Sample Buffer:      1351 episodes
--------------------------------------------------------------------------------
  Episode Reward:     20.53
  Episode Length:     48.94
  Mean Rot Angle:     1.58 rad
  Current Success:    0.1288 (174/1351) rot>2.5
  Termination Dist:   Total=1351
    - Max Steps:      0 (0.0%)
    - Drop (Low Z):   1092 (80.8%)
    - Tilt (Fall):    252 (18.7%)
    - Overspeed:      7 (0.5%)
================================================================================


================================================================================
Space E Curriculum Status [Epoch 800]
================================================================================
  Current Alpha:      0.2500 (Gravity: 0.0625g)
  Curriculum Status:  ❌ HOLD: Low Survival (0.01 < 0.8)
  Metrics (Accum.):   Survival=0.0101, Success=0.1474
  Sample Buffer:      1282 episodes
--------------------------------------------------------------------------------
  Episode Reward:     21.02
  Episode Length:     49.34
  Mean Rot Angle:     1.60 rad
  Current Success:    0.1474 (189/1282) rot>2.5
  Termination Dist:   Total=1282
    - Max Steps:      0 (0.0%)
    - Drop (Low Z):   1051 (82.0%)
    - Tilt (Fall):    218 (17.0%)
    - Overspeed:      13 (1.0%)
================================================================================


================================================================================
Space E Curriculum Status [Epoch 900]
================================================================================
  Current Alpha:      0.2500 (Gravity: 0.0625g)
  Curriculum Status:  ❌ HOLD: Low Survival (0.01 < 0.8)
  Metrics (Accum.):   Survival=0.0052, Success=0.1356
  Sample Buffer:      1342 episodes
--------------------------------------------------------------------------------
  Episode Reward:     21.22
  Episode Length:     50.00
  Mean Rot Angle:     1.61 rad
  Current Success:    0.1356 (182/1342) rot>2.5
  Termination Dist:   Total=1342
    - Max Steps:      0 (0.0%)
    - Drop (Low Z):   1117 (83.2%)
    - Tilt (Fall):    218 (16.2%)
    - Overspeed:      7 (0.5%)
================================================================================


================================================================================
Space E Curriculum Status [Epoch 1000]
================================================================================
  Current Alpha:      0.2500 (Gravity: 0.0625g)
  Curriculum Status:  ❌ HOLD: Low Survival (0.01 < 0.8)
  Metrics (Accum.):   Survival=0.0054, Success=0.1817
  Sample Buffer:      1293 episodes
--------------------------------------------------------------------------------
  Episode Reward:     22.41
  Episode Length:     51.66
  Mean Rot Angle:     1.66 rad
  Current Success:    0.1817 (235/1293) rot>2.5
  Termination Dist:   Total=1293
    - Max Steps:      0 (0.0%)
    - Drop (Low Z):   1055 (81.6%)
    - Tilt (Fall):    231 (17.9%)
    - Overspeed:      7 (0.5%)
================================================================================


================================================================================
Space E Curriculum Status [Epoch 1100]
================================================================================
  Current Alpha:      0.2500 (Gravity: 0.0625g)
  Curriculum Status:  ❌ HOLD: Low Survival (0.00 < 0.8)
  Metrics (Accum.):   Survival=0.0047, Success=0.1676
  Sample Buffer:      1271 episodes
--------------------------------------------------------------------------------
  Episode Reward:     22.96
  Episode Length:     52.57
  Mean Rot Angle:     1.69 rad
  Current Success:    0.1676 (213/1271) rot>2.5
  Termination Dist:   Total=1271
    - Max Steps:      0 (0.0%)
    - Drop (Low Z):   1073 (84.4%)
    - Tilt (Fall):    192 (15.1%)
    - Overspeed:      6 (0.5%)
================================================================================


================================================================================
Space E Curriculum Status [Epoch 1200]
================================================================================
  Current Alpha:      0.2500 (Gravity: 0.0625g)
  Curriculum Status:  ❌ HOLD: Low Survival (0.01 < 0.8)
  Metrics (Accum.):   Survival=0.0055, Success=0.1919
  Sample Buffer:      1266 episodes
--------------------------------------------------------------------------------
  Episode Reward:     23.31
  Episode Length:     53.39
  Mean Rot Angle:     1.72 rad
  Current Success:    0.1919 (243/1266) rot>2.5
  Termination Dist:   Total=1266
    - Max Steps:      0 (0.0%)
    - Drop (Low Z):   1055 (83.3%)
    - Tilt (Fall):    204 (16.1%)
    - Overspeed:      7 (0.6%)
================================================================================


================================================================================
Space E Curriculum Status [Epoch 1300]
================================================================================
  Current Alpha:      0.2500 (Gravity: 0.0625g)
  Curriculum Status:  ❌ HOLD: Low Survival (0.00 < 0.8)
  Metrics (Accum.):   Survival=0.0041, Success=0.1987
  Sample Buffer:      1218 episodes
--------------------------------------------------------------------------------
  Episode Reward:     23.68
  Episode Length:     53.61
  Mean Rot Angle:     1.74 rad
  Current Success:    0.1987 (242/1218) rot>2.5
  Termination Dist:   Total=1218
    - Max Steps:      0 (0.0%)
    - Drop (Low Z):   1013 (83.2%)
    - Tilt (Fall):    200 (16.4%)
    - Overspeed:      5 (0.4%)
================================================================================


================================================================================
Space E Curriculum Status [Epoch 1400]
================================================================================
  Current Alpha:      0.2500 (Gravity: 0.0625g)
  Curriculum Status:  ❌ HOLD: Low Survival (0.00 < 0.8)
  Metrics (Accum.):   Survival=0.0042, Success=0.2361
  Sample Buffer:      1203 episodes
--------------------------------------------------------------------------------
  Episode Reward:     24.33
  Episode Length:     55.04
  Mean Rot Angle:     1.78 rad
  Current Success:    0.2361 (284/1203) rot>2.5
  Termination Dist:   Total=1203
    - Max Steps:      0 (0.0%)
    - Drop (Low Z):   1005 (83.5%)
    - Tilt (Fall):    193 (16.0%)
    - Overspeed:      5 (0.4%)
================================================================================


================================================================================
Space E Curriculum Status [Epoch 1500]
================================================================================
  Current Alpha:      0.2500 (Gravity: 0.0625g)
  Curriculum Status:  ❌ HOLD: Low Survival (0.01 < 0.8)
  Metrics (Accum.):   Survival=0.0069, Success=0.2331
  Sample Buffer:      1154 episodes
--------------------------------------------------------------------------------
  Episode Reward:     24.49
  Episode Length:     55.38
  Mean Rot Angle:     1.79 rad
  Current Success:    0.2331 (269/1154) rot>2.5
  Termination Dist:   Total=1154
    - Max Steps:      0 (0.0%)
    - Drop (Low Z):   959 (83.1%)
    - Tilt (Fall):    187 (16.2%)
    - Overspeed:      8 (0.7%)
================================================================================


================================================================================
Space E Curriculum Status [Epoch 1600]
================================================================================
  Current Alpha:      0.2500 (Gravity: 0.0625g)
  Curriculum Status:  ❌ HOLD: Low Survival (0.00 < 0.8)
  Metrics (Accum.):   Survival=0.0035, Success=0.2184
  Sample Buffer:      1154 episodes
--------------------------------------------------------------------------------
  Episode Reward:     24.43
  Episode Length:     55.69
  Mean Rot Angle:     1.77 rad
  Current Success:    0.2184 (252/1154) rot>2.5
  Termination Dist:   Total=1154
    - Max Steps:      0 (0.0%)
    - Drop (Low Z):   960 (83.2%)
    - Tilt (Fall):    190 (16.5%)
    - Overspeed:      4 (0.3%)
================================================================================


================================================================================
Space E Curriculum Status [Epoch 1700]
================================================================================
  Current Alpha:      0.2500 (Gravity: 0.0625g)
  Curriculum Status:  ❌ HOLD: Low Survival (0.01 < 0.8)
  Metrics (Accum.):   Survival=0.0079, Success=0.2496
  Sample Buffer:      1146 episodes
--------------------------------------------------------------------------------
  Episode Reward:     24.67
  Episode Length:     56.42
  Mean Rot Angle:     1.80 rad
  Current Success:    0.2496 (286/1146) rot>2.5
  Termination Dist:   Total=1146
    - Max Steps:      0 (0.0%)
    - Drop (Low Z):   945 (82.5%)
    - Tilt (Fall):    192 (16.8%)
    - Overspeed:      9 (0.8%)
================================================================================


================================================================================
Space E Curriculum Status [Epoch 1800]
================================================================================
  Current Alpha:      0.2500 (Gravity: 0.0625g)
  Curriculum Status:  ❌ HOLD: Low Survival (0.01 < 0.8)
  Metrics (Accum.):   Survival=0.0073, Success=0.2543
  Sample Buffer:      1093 episodes
--------------------------------------------------------------------------------
  Episode Reward:     25.42
  Episode Length:     56.86
  Mean Rot Angle:     1.83 rad
  Current Success:    0.2543 (278/1093) rot>2.5
  Termination Dist:   Total=1093
    - Max Steps:      0 (0.0%)
    - Drop (Low Z):   892 (81.6%)
    - Tilt (Fall):    193 (17.7%)
    - Overspeed:      8 (0.7%)
================================================================================


================================================================================
Space E Curriculum Status [Epoch 1900]
================================================================================
  Current Alpha:      0.2500 (Gravity: 0.0625g)
  Curriculum Status:  ❌ HOLD: Low Survival (0.00 < 0.8)
  Metrics (Accum.):   Survival=0.0034, Success=0.2747
  Sample Buffer:      1165 episodes
--------------------------------------------------------------------------------
  Episode Reward:     25.96
  Episode Length:     57.61
  Mean Rot Angle:     1.86 rad
  Current Success:    0.2747 (320/1165) rot>2.5
  Termination Dist:   Total=1165
    - Max Steps:      0 (0.0%)
    - Drop (Low Z):   984 (84.5%)
    - Tilt (Fall):    177 (15.2%)
    - Overspeed:      4 (0.3%)
================================================================================


================================================================================
Space E Curriculum Status [Epoch 2000]
================================================================================
  Current Alpha:      0.2500 (Gravity: 0.0625g)
  Curriculum Status:  ❌ HOLD: Low Survival (0.01 < 0.8)
  Metrics (Accum.):   Survival=0.0101, Success=0.2721
  Sample Buffer:      1088 episodes
--------------------------------------------------------------------------------
  Episode Reward:     25.82
  Episode Length:     58.20
  Mean Rot Angle:     1.85 rad
  Current Success:    0.2721 (296/1088) rot>2.5
  Termination Dist:   Total=1088
    - Max Steps:      0 (0.0%)
    - Drop (Low Z):   876 (80.5%)
    - Tilt (Fall):    201 (18.5%)
    - Overspeed:      11 (1.0%)
================================================================================


================================================================================
Space E Curriculum Status [Epoch 2100]
================================================================================
  Current Alpha:      0.2500 (Gravity: 0.0625g)
  Curriculum Status:  ❌ HOLD: Low Survival (0.00 < 0.8)
  Metrics (Accum.):   Survival=0.0043, Success=0.2809
  Sample Buffer:      1150 episodes
--------------------------------------------------------------------------------
  Episode Reward:     25.44
  Episode Length:     57.43
  Mean Rot Angle:     1.83 rad
  Current Success:    0.2809 (323/1150) rot>2.5
  Termination Dist:   Total=1150
    - Max Steps:      0 (0.0%)
    - Drop (Low Z):   979 (85.1%)
    - Tilt (Fall):    166 (14.4%)
    - Overspeed:      5 (0.4%)
================================================================================


================================================================================
Space E Curriculum Status [Epoch 2200]
================================================================================
  Current Alpha:      0.2500 (Gravity: 0.0625g)
  Curriculum Status:  ❌ HOLD: Low Survival (0.01 < 0.8)
  Metrics (Accum.):   Survival=0.0120, Success=0.2420
  Sample Buffer:      1000 episodes
--------------------------------------------------------------------------------
  Episode Reward:     25.80
  Episode Length:     57.95
  Mean Rot Angle:     1.85 rad
  Current Success:    0.2420 (242/1000) rot>2.5
  Termination Dist:   Total=1000
    - Max Steps:      0 (0.0%)
    - Drop (Low Z):   833 (83.3%)
    - Tilt (Fall):    155 (15.5%)
    - Overspeed:      12 (1.2%)
================================================================================


================================================================================
Space E Curriculum Status [Epoch 2300]
================================================================================
  Current Alpha:      0.2500 (Gravity: 0.0625g)
  Curriculum Status:  ❌ HOLD: Low Survival (0.00 < 0.8)
  Metrics (Accum.):   Survival=0.0035, Success=0.2972
  Sample Buffer:      1154 episodes
--------------------------------------------------------------------------------
  Episode Reward:     26.57
  Episode Length:     59.28
  Mean Rot Angle:     1.90 rad
  Current Success:    0.2972 (343/1154) rot>2.5
  Termination Dist:   Total=1154
    - Max Steps:      0 (0.0%)
    - Drop (Low Z):   958 (83.0%)
    - Tilt (Fall):    192 (16.6%)
    - Overspeed:      4 (0.3%)
================================================================================


================================================================================
Space E Curriculum Status [Epoch 2400]
================================================================================
  Current Alpha:      0.2500 (Gravity: 0.0625g)
  Curriculum Status:  ❌ HOLD: Low Survival (0.00 < 0.8)
  Metrics (Accum.):   Survival=0.0029, Success=0.2973
  Sample Buffer:      1036 episodes
--------------------------------------------------------------------------------
  Episode Reward:     26.71
  Episode Length:     59.64
  Mean Rot Angle:     1.89 rad
  Current Success:    0.2973 (308/1036) rot>2.5
  Termination Dist:   Total=1036
    - Max Steps:      0 (0.0%)
    - Drop (Low Z):   855 (82.5%)
    - Tilt (Fall):    178 (17.2%)
    - Overspeed:      3 (0.3%)
================================================================================


================================================================================
Space E Curriculum Status [Epoch 2500]
================================================================================
  Current Alpha:      0.2500 (Gravity: 0.0625g)
  Curriculum Status:  ❌ HOLD: Low Survival (0.00 < 0.8)
  Metrics (Accum.):   Survival=0.0047, Success=0.3070
  Sample Buffer:      1065 episodes
--------------------------------------------------------------------------------
  Episode Reward:     26.85
  Episode Length:     60.19
  Mean Rot Angle:     1.89 rad
  Current Success:    0.3070 (327/1065) rot>2.5
  Termination Dist:   Total=1065
    - Max Steps:      0 (0.0%)
    - Drop (Low Z):   884 (83.0%)
    - Tilt (Fall):    176 (16.5%)
    - Overspeed:      5 (0.5%)
================================================================================


================================================================================
Space E Curriculum Status [Epoch 2600]
================================================================================
  Current Alpha:      0.2500 (Gravity: 0.0625g)
  Curriculum Status:  ❌ HOLD: Low Survival (0.00 < 0.8)
  Metrics (Accum.):   Survival=0.0036, Success=0.2995
  Sample Buffer:      1105 episodes
--------------------------------------------------------------------------------
  Episode Reward:     27.34
  Episode Length:     60.21
  Mean Rot Angle:     1.92 rad
  Current Success:    0.2995 (331/1105) rot>2.5
  Termination Dist:   Total=1105
    - Max Steps:      0 (0.0%)
    - Drop (Low Z):   930 (84.2%)
    - Tilt (Fall):    171 (15.5%)
    - Overspeed:      4 (0.4%)
================================================================================


================================================================================
Space E Curriculum Status [Epoch 2700]
================================================================================
  Current Alpha:      0.2500 (Gravity: 0.0625g)
  Curriculum Status:  ❌ HOLD: Low Survival (0.00 < 0.8)
  Metrics (Accum.):   Survival=0.0046, Success=0.2958
  Sample Buffer:      1092 episodes
--------------------------------------------------------------------------------
  Episode Reward:     27.28
  Episode Length:     60.28
  Mean Rot Angle:     1.92 rad
  Current Success:    0.2958 (323/1092) rot>2.5
  Termination Dist:   Total=1092
    - Max Steps:      0 (0.0%)
    - Drop (Low Z):   924 (84.6%)
    - Tilt (Fall):    163 (14.9%)
    - Overspeed:      5 (0.5%)
================================================================================


================================================================================
Space E Curriculum Status [Epoch 2800]
================================================================================
  Current Alpha:      0.2500 (Gravity: 0.0625g)
  Curriculum Status:  ❌ HOLD: Low Survival (0.01 < 0.8)
  Metrics (Accum.):   Survival=0.0076, Success=0.3374
  Sample Buffer:      1055 episodes
--------------------------------------------------------------------------------
  Episode Reward:     27.83
  Episode Length:     62.08
  Mean Rot Angle:     1.96 rad
  Current Success:    0.3374 (356/1055) rot>2.5
  Termination Dist:   Total=1055
    - Max Steps:      0 (0.0%)
    - Drop (Low Z):   863 (81.8%)
    - Tilt (Fall):    184 (17.4%)
    - Overspeed:      8 (0.8%)
================================================================================


================================================================================
Space E Curriculum Status [Epoch 2900]
================================================================================
  Current Alpha:      0.2500 (Gravity: 0.0625g)
  Curriculum Status:  ❌ HOLD: Low Survival (0.01 < 0.8)
  Metrics (Accum.):   Survival=0.0066, Success=0.3483
  Sample Buffer:      1068 episodes
--------------------------------------------------------------------------------
  Episode Reward:     27.87
  Episode Length:     62.28
  Mean Rot Angle:     1.99 rad
  Current Success:    0.3483 (372/1068) rot>2.5
  Termination Dist:   Total=1068
    - Max Steps:      0 (0.0%)
    - Drop (Low Z):   879 (82.3%)
    - Tilt (Fall):    182 (17.0%)
    - Overspeed:      7 (0.7%)
================================================================================


================================================================================
Space E Curriculum Status [Epoch 3000]
================================================================================
  Current Alpha:      0.2500 (Gravity: 0.0625g)
  Curriculum Status:  ❌ HOLD: Low Survival (0.00 < 0.8)
  Metrics (Accum.):   Survival=0.0038, Success=0.3675
  Sample Buffer:      1064 episodes
--------------------------------------------------------------------------------
  Episode Reward:     28.29
  Episode Length:     63.13
  Mean Rot Angle:     2.00 rad
  Current Success:    0.3675 (391/1064) rot>2.5
  Termination Dist:   Total=1064
    - Max Steps:      0 (0.0%)
    - Drop (Low Z):   885 (83.2%)
    - Tilt (Fall):    175 (16.4%)
    - Overspeed:      4 (0.4%)
================================================================================


================================================================================
Space E Curriculum Status [Epoch 3100]
================================================================================
  Current Alpha:      0.2500 (Gravity: 0.0625g)
  Curriculum Status:  ❌ HOLD: Low Survival (0.00 < 0.8)
  Metrics (Accum.):   Survival=0.0046, Success=0.3571
  Sample Buffer:      1092 episodes
--------------------------------------------------------------------------------
  Episode Reward:     28.74
  Episode Length:     63.42
  Mean Rot Angle:     2.04 rad
  Current Success:    0.3571 (390/1092) rot>2.5
  Termination Dist:   Total=1092
    - Max Steps:      0 (0.0%)
    - Drop (Low Z):   929 (85.1%)
    - Tilt (Fall):    158 (14.5%)
    - Overspeed:      5 (0.5%)
================================================================================


================================================================================
Space E Curriculum Status [Epoch 3200]
================================================================================
  Current Alpha:      0.2500 (Gravity: 0.0625g)
  Curriculum Status:  ❌ HOLD: Low Survival (0.01 < 0.8)
  Metrics (Accum.):   Survival=0.0080, Success=0.3701
  Sample Buffer:      1005 episodes
--------------------------------------------------------------------------------
  Episode Reward:     28.62
  Episode Length:     63.87
  Mean Rot Angle:     2.02 rad
  Current Success:    0.3701 (372/1005) rot>2.5
  Termination Dist:   Total=1005
    - Max Steps:      0 (0.0%)
    - Drop (Low Z):   828 (82.4%)
    - Tilt (Fall):    169 (16.8%)
    - Overspeed:      8 (0.8%)
================================================================================


================================================================================
Space E Curriculum Status [Epoch 3300]
================================================================================
  Current Alpha:      0.2500 (Gravity: 0.0625g)
  Curriculum Status:  ❌ HOLD: Low Survival (0.01 < 0.8)
  Metrics (Accum.):   Survival=0.0093, Success=0.3811
  Sample Buffer:      971 episodes
--------------------------------------------------------------------------------
  Episode Reward:     28.83
  Episode Length:     64.22
  Mean Rot Angle:     2.03 rad
  Current Success:    0.3811 (370/971) rot>2.5
  Termination Dist:   Total=971
    - Max Steps:      0 (0.0%)
    - Drop (Low Z):   795 (81.9%)
    - Tilt (Fall):    167 (17.2%)
    - Overspeed:      9 (0.9%)
================================================================================


================================================================================
Space E Curriculum Status [Epoch 3400]
================================================================================
  Current Alpha:      0.2500 (Gravity: 0.0625g)
  Curriculum Status:  ❌ HOLD: Low Survival (0.01 < 0.8)
  Metrics (Accum.):   Survival=0.0112, Success=0.3908
  Sample Buffer:      980 episodes
--------------------------------------------------------------------------------
  Episode Reward:     29.17
  Episode Length:     64.65
  Mean Rot Angle:     2.02 rad
  Current Success:    0.3908 (383/980) rot>2.5
  Termination Dist:   Total=980
    - Max Steps:      0 (0.0%)
    - Drop (Low Z):   828 (84.5%)
    - Tilt (Fall):    141 (14.4%)
    - Overspeed:      11 (1.1%)
================================================================================


================================================================================
Space E Curriculum Status [Epoch 3500]
================================================================================
  Current Alpha:      0.2500 (Gravity: 0.0625g)
  Curriculum Status:  ❌ HOLD: Low Survival (0.01 < 0.8)
  Metrics (Accum.):   Survival=0.0051, Success=0.3841
  Sample Buffer:      984 episodes
--------------------------------------------------------------------------------
  Episode Reward:     28.90
  Episode Length:     64.55
  Mean Rot Angle:     2.01 rad
  Current Success:    0.3841 (378/984) rot>2.5
  Termination Dist:   Total=984
    - Max Steps:      0 (0.0%)
    - Drop (Low Z):   827 (84.0%)
    - Tilt (Fall):    152 (15.4%)
    - Overspeed:      5 (0.5%)
================================================================================


================================================================================
Space E Curriculum Status [Epoch 3600]
================================================================================
  Current Alpha:      0.2500 (Gravity: 0.0625g)
  Curriculum Status:  ❌ HOLD: Low Survival (0.01 < 0.8)
  Metrics (Accum.):   Survival=0.0084, Success=0.3113
  Sample Buffer:      1073 episodes
--------------------------------------------------------------------------------
  Episode Reward:     28.54
  Episode Length:     63.62
  Mean Rot Angle:     1.99 rad
  Current Success:    0.3113 (334/1073) rot>2.5
  Termination Dist:   Total=1073
    - Max Steps:      0 (0.0%)
    - Drop (Low Z):   898 (83.7%)
    - Tilt (Fall):    166 (15.5%)
    - Overspeed:      9 (0.8%)
================================================================================


================================================================================
Space E Curriculum Status [Epoch 3700]
================================================================================
  Current Alpha:      0.2500 (Gravity: 0.0625g)
  Curriculum Status:  ❌ HOLD: Low Survival (0.01 < 0.8)
  Metrics (Accum.):   Survival=0.0097, Success=0.3703
  Sample Buffer:      1029 episodes
--------------------------------------------------------------------------------
  Episode Reward:     28.55
  Episode Length:     63.53
  Mean Rot Angle:     2.00 rad
  Current Success:    0.3703 (381/1029) rot>2.5
  Termination Dist:   Total=1029
    - Max Steps:      0 (0.0%)
    - Drop (Low Z):   842 (81.8%)
    - Tilt (Fall):    177 (17.2%)
    - Overspeed:      10 (1.0%)
================================================================================


================================================================================
Space E Curriculum Status [Epoch 3800]
================================================================================
  Current Alpha:      0.2500 (Gravity: 0.0625g)
  Curriculum Status:  ❌ HOLD: Low Survival (0.01 < 0.8)
  Metrics (Accum.):   Survival=0.0064, Success=0.3532
  Sample Buffer:      1093 episodes
--------------------------------------------------------------------------------
  Episode Reward:     28.80
  Episode Length:     63.91
  Mean Rot Angle:     2.02 rad
  Current Success:    0.3532 (386/1093) rot>2.5
  Termination Dist:   Total=1093
    - Max Steps:      0 (0.0%)
    - Drop (Low Z):   919 (84.1%)
    - Tilt (Fall):    167 (15.3%)
    - Overspeed:      7 (0.6%)
================================================================================


================================================================================
Space E Curriculum Status [Epoch 3900]
================================================================================
  Current Alpha:      0.2500 (Gravity: 0.0625g)
  Curriculum Status:  ❌ HOLD: Low Survival (0.01 < 0.8)
  Metrics (Accum.):   Survival=0.0083, Success=0.3851
  Sample Buffer:      966 episodes
--------------------------------------------------------------------------------
  Episode Reward:     28.96
  Episode Length:     63.75
  Mean Rot Angle:     2.02 rad
  Current Success:    0.3851 (372/966) rot>2.5
  Termination Dist:   Total=966
    - Max Steps:      0 (0.0%)
    - Drop (Low Z):   810 (83.9%)
    - Tilt (Fall):    148 (15.3%)
    - Overspeed:      8 (0.8%)
================================================================================


================================================================================
Space E Curriculum Status [Epoch 4000]
================================================================================
  Current Alpha:      0.2500 (Gravity: 0.0625g)
  Curriculum Status:  ❌ HOLD: Low Survival (0.01 < 0.8)
  Metrics (Accum.):   Survival=0.0068, Success=0.3792
  Sample Buffer:      886 episodes
--------------------------------------------------------------------------------
  Episode Reward:     29.06
  Episode Length:     63.92
  Mean Rot Angle:     2.02 rad
  Current Success:    0.3792 (336/886) rot>2.5
  Termination Dist:   Total=886
    - Max Steps:      0 (0.0%)
    - Drop (Low Z):   736 (83.1%)
    - Tilt (Fall):    144 (16.3%)
    - Overspeed:      6 (0.7%)
================================================================================


================================================================================
Space E Curriculum Status [Epoch 4100]
================================================================================
  Current Alpha:      0.2500 (Gravity: 0.0625g)
  Curriculum Status:  ❌ HOLD: Low Survival (0.01 < 0.8)
  Metrics (Accum.):   Survival=0.0059, Success=0.3655
  Sample Buffer:      1015 episodes
--------------------------------------------------------------------------------
  Episode Reward:     29.45
  Episode Length:     64.44
  Mean Rot Angle:     2.05 rad
  Current Success:    0.3655 (371/1015) rot>2.5
  Termination Dist:   Total=1015
    - Max Steps:      0 (0.0%)
    - Drop (Low Z):   847 (83.4%)
    - Tilt (Fall):    162 (16.0%)
    - Overspeed:      6 (0.6%)
================================================================================


================================================================================
Space E Curriculum Status [Epoch 4200]
================================================================================
  Current Alpha:      0.2500 (Gravity: 0.0625g)
  Curriculum Status:  ❌ HOLD: Low Survival (0.01 < 0.8)
  Metrics (Accum.):   Survival=0.0123, Success=0.3609
  Sample Buffer:      1053 episodes
--------------------------------------------------------------------------------
  Episode Reward:     29.22
  Episode Length:     64.11
  Mean Rot Angle:     2.05 rad
  Current Success:    0.3609 (380/1053) rot>2.5
  Termination Dist:   Total=1053
    - Max Steps:      0 (0.0%)
    - Drop (Low Z):   866 (82.2%)
    - Tilt (Fall):    174 (16.5%)
    - Overspeed:      13 (1.2%)
================================================================================


================================================================================
Space E Curriculum Status [Epoch 4300]
================================================================================
  Current Alpha:      0.2500 (Gravity: 0.0625g)
  Curriculum Status:  ❌ HOLD: Low Survival (0.01 < 0.8)
  Metrics (Accum.):   Survival=0.0101, Success=0.3867
  Sample Buffer:      993 episodes
--------------------------------------------------------------------------------
  Episode Reward:     28.07
  Episode Length:     62.43
  Mean Rot Angle:     1.97 rad
  Current Success:    0.3867 (384/993) rot>2.5
  Termination Dist:   Total=993
    - Max Steps:      0 (0.0%)
    - Drop (Low Z):   839 (84.5%)
    - Tilt (Fall):    144 (14.5%)
    - Overspeed:      10 (1.0%)
================================================================================


================================================================================
Space E Curriculum Status [Epoch 4400]
================================================================================
  Current Alpha:      0.2500 (Gravity: 0.0625g)
  Curriculum Status:  ❌ HOLD: Low Survival (0.01 < 0.8)
  Metrics (Accum.):   Survival=0.0078, Success=0.3434
  Sample Buffer:      1022 episodes
--------------------------------------------------------------------------------
  Episode Reward:     28.45
  Episode Length:     63.13
  Mean Rot Angle:     2.00 rad
  Current Success:    0.3434 (351/1022) rot>2.5
  Termination Dist:   Total=1022
    - Max Steps:      0 (0.0%)
    - Drop (Low Z):   827 (80.9%)
    - Tilt (Fall):    187 (18.3%)
    - Overspeed:      8 (0.8%)
================================================================================


================================================================================
Space E Curriculum Status [Epoch 4500]
================================================================================
  Current Alpha:      0.2500 (Gravity: 0.0625g)
  Curriculum Status:  ❌ HOLD: Low Survival (0.01 < 0.8)
  Metrics (Accum.):   Survival=0.0071, Success=0.3675
  Sample Buffer:      985 episodes
--------------------------------------------------------------------------------
  Episode Reward:     29.80
  Episode Length:     64.90
  Mean Rot Angle:     2.06 rad
  Current Success:    0.3675 (362/985) rot>2.5
  Termination Dist:   Total=985
    - Max Steps:      0 (0.0%)
    - Drop (Low Z):   841 (85.4%)
    - Tilt (Fall):    137 (13.9%)
    - Overspeed:      7 (0.7%)
================================================================================


================================================================================
Space E Curriculum Status [Epoch 4600]
================================================================================
  Current Alpha:      0.2500 (Gravity: 0.0625g)
  Curriculum Status:  ❌ HOLD: Low Survival (0.01 < 0.8)
  Metrics (Accum.):   Survival=0.0056, Success=0.3389
  Sample Buffer:      1077 episodes
--------------------------------------------------------------------------------
  Episode Reward:     29.12
  Episode Length:     63.66
  Mean Rot Angle:     2.03 rad
  Current Success:    0.3389 (365/1077) rot>2.5
  Termination Dist:   Total=1077
    - Max Steps:      0 (0.0%)
    - Drop (Low Z):   890 (82.6%)
    - Tilt (Fall):    181 (16.8%)
    - Overspeed:      6 (0.6%)
================================================================================


================================================================================
Space E Curriculum Status [Epoch 4700]
================================================================================
  Current Alpha:      0.2500 (Gravity: 0.0625g)
  Curriculum Status:  ❌ HOLD: Low Survival (0.01 < 0.8)
  Metrics (Accum.):   Survival=0.0099, Success=0.3498
  Sample Buffer:      1015 episodes
--------------------------------------------------------------------------------
  Episode Reward:     29.26
  Episode Length:     64.51
  Mean Rot Angle:     2.04 rad
  Current Success:    0.3498 (355/1015) rot>2.5
  Termination Dist:   Total=1015
    - Max Steps:      0 (0.0%)
    - Drop (Low Z):   838 (82.6%)
    - Tilt (Fall):    167 (16.5%)
    - Overspeed:      10 (1.0%)
================================================================================


================================================================================
Space E Curriculum Status [Epoch 4800]
================================================================================
  Current Alpha:      0.2500 (Gravity: 0.0625g)
  Curriculum Status:  ❌ HOLD: Low Survival (0.01 < 0.8)
  Metrics (Accum.):   Survival=0.0099, Success=0.3915
  Sample Buffer:      1009 episodes
--------------------------------------------------------------------------------
  Episode Reward:     30.21
  Episode Length:     66.35
  Mean Rot Angle:     2.08 rad
  Current Success:    0.3915 (395/1009) rot>2.5
  Termination Dist:   Total=1009
    - Max Steps:      0 (0.0%)
    - Drop (Low Z):   850 (84.2%)
    - Tilt (Fall):    149 (14.8%)
    - Overspeed:      10 (1.0%)
================================================================================


================================================================================
Space E Curriculum Status [Epoch 4900]
================================================================================
  Current Alpha:      0.2500 (Gravity: 0.0625g)
  Curriculum Status:  ❌ HOLD: Low Survival (0.00 < 0.8)
  Metrics (Accum.):   Survival=0.0031, Success=0.4137
  Sample Buffer:      979 episodes
--------------------------------------------------------------------------------
  Episode Reward:     30.65
  Episode Length:     67.43
  Mean Rot Angle:     2.10 rad
  Current Success:    0.4137 (405/979) rot>2.5
  Termination Dist:   Total=979
    - Max Steps:      0 (0.0%)
    - Drop (Low Z):   815 (83.2%)
    - Tilt (Fall):    161 (16.4%)
    - Overspeed:      3 (0.3%)
================================================================================


================================================================================
Space E Curriculum Status [Epoch 5000]
================================================================================
  Current Alpha:      0.2500 (Gravity: 0.0625g)
  Curriculum Status:  ❌ HOLD: Low Survival (0.01 < 0.8)
  Metrics (Accum.):   Survival=0.0063, Success=0.4483
  Sample Buffer:      948 episodes
--------------------------------------------------------------------------------
  Episode Reward:     31.39
  Episode Length:     68.59
  Mean Rot Angle:     2.14 rad
  Current Success:    0.4483 (425/948) rot>2.5
  Termination Dist:   Total=948
    - Max Steps:      0 (0.0%)
    - Drop (Low Z):   791 (83.4%)
    - Tilt (Fall):    151 (15.9%)
    - Overspeed:      6 (0.6%)
================================================================================


================================================================================
Space E Curriculum Status [Epoch 5100]
================================================================================
  Current Alpha:      0.2500 (Gravity: 0.0625g)
  Curriculum Status:  ❌ HOLD: Low Survival (0.01 < 0.8)
  Metrics (Accum.):   Survival=0.0067, Success=0.4511
  Sample Buffer:      900 episodes
--------------------------------------------------------------------------------
  Episode Reward:     31.63
  Episode Length:     69.16
  Mean Rot Angle:     2.17 rad
  Current Success:    0.4511 (406/900) rot>2.5
  Termination Dist:   Total=900
    - Max Steps:      0 (0.0%)
    - Drop (Low Z):   779 (86.6%)
    - Tilt (Fall):    115 (12.8%)
    - Overspeed:      6 (0.7%)
================================================================================


================================================================================
Space E Curriculum Status [Epoch 5200]
================================================================================
  Current Alpha:      0.2500 (Gravity: 0.0625g)
  Curriculum Status:  ❌ HOLD: Low Survival (0.01 < 0.8)
  Metrics (Accum.):   Survival=0.0085, Success=0.4594
  Sample Buffer:      936 episodes
--------------------------------------------------------------------------------
  Episode Reward:     32.09
  Episode Length:     69.86
  Mean Rot Angle:     2.19 rad
  Current Success:    0.4594 (430/936) rot>2.5
  Termination Dist:   Total=936
    - Max Steps:      0 (0.0%)
    - Drop (Low Z):   777 (83.0%)
    - Tilt (Fall):    151 (16.1%)
    - Overspeed:      8 (0.9%)
================================================================================


================================================================================
Space E Curriculum Status [Epoch 5300]
================================================================================
  Current Alpha:      0.2500 (Gravity: 0.0625g)
  Curriculum Status:  ❌ HOLD: Low Survival (0.01 < 0.8)
  Metrics (Accum.):   Survival=0.0075, Success=0.4015
  Sample Buffer:      939 episodes
--------------------------------------------------------------------------------
  Episode Reward:     31.85
  Episode Length:     69.34
  Mean Rot Angle:     2.16 rad
  Current Success:    0.4015 (377/939) rot>2.5
  Termination Dist:   Total=939
    - Max Steps:      0 (0.0%)
    - Drop (Low Z):   794 (84.6%)
    - Tilt (Fall):    138 (14.7%)
    - Overspeed:      7 (0.7%)
================================================================================


================================================================================
Space E Curriculum Status [Epoch 5400]
================================================================================
  Current Alpha:      0.2500 (Gravity: 0.0625g)
  Curriculum Status:  ❌ HOLD: Low Survival (0.01 < 0.8)
  Metrics (Accum.):   Survival=0.0124, Success=0.3911
  Sample Buffer:      964 episodes
--------------------------------------------------------------------------------
  Episode Reward:     32.38
  Episode Length:     69.88
  Mean Rot Angle:     2.19 rad
  Current Success:    0.3911 (377/964) rot>2.5
  Termination Dist:   Total=964
    - Max Steps:      0 (0.0%)
    - Drop (Low Z):   828 (85.9%)
    - Tilt (Fall):    124 (12.9%)
    - Overspeed:      12 (1.2%)
================================================================================


================================================================================
Space E Curriculum Status [Epoch 5500]
================================================================================
  Current Alpha:      0.2500 (Gravity: 0.0625g)
  Curriculum Status:  ❌ HOLD: Low Survival (0.01 < 0.8)
  Metrics (Accum.):   Survival=0.0077, Success=0.4265
  Sample Buffer:      905 episodes
--------------------------------------------------------------------------------
  Episode Reward:     32.55
  Episode Length:     70.37
  Mean Rot Angle:     2.19 rad
  Current Success:    0.4265 (386/905) rot>2.5
  Termination Dist:   Total=905
    - Max Steps:      0 (0.0%)
    - Drop (Low Z):   780 (86.2%)
    - Tilt (Fall):    118 (13.0%)
    - Overspeed:      7 (0.8%)
================================================================================


================================================================================
Space E Curriculum Status [Epoch 5600]
================================================================================
  Current Alpha:      0.2500 (Gravity: 0.0625g)
  Curriculum Status:  ❌ HOLD: Low Survival (0.00 < 0.8)
  Metrics (Accum.):   Survival=0.0022, Success=0.4240
  Sample Buffer:      901 episodes
--------------------------------------------------------------------------------
  Episode Reward:     32.60
  Episode Length:     69.88
  Mean Rot Angle:     2.18 rad
  Current Success:    0.4240 (382/901) rot>2.5
  Termination Dist:   Total=901
    - Max Steps:      0 (0.0%)
    - Drop (Low Z):   767 (85.1%)
    - Tilt (Fall):    132 (14.7%)
    - Overspeed:      2 (0.2%)
================================================================================


================================================================================
Space E Curriculum Status [Epoch 5700]
================================================================================
  Current Alpha:      0.2500 (Gravity: 0.0625g)
  Curriculum Status:  ❌ HOLD: Low Survival (0.00 < 0.8)
  Metrics (Accum.):   Survival=0.0021, Success=0.4415
  Sample Buffer:      965 episodes
--------------------------------------------------------------------------------
  Episode Reward:     32.97
  Episode Length:     70.12
  Mean Rot Angle:     2.22 rad
  Current Success:    0.4415 (426/965) rot>2.5
  Termination Dist:   Total=965
    - Max Steps:      0 (0.0%)
    - Drop (Low Z):   831 (86.1%)
    - Tilt (Fall):    132 (13.7%)
    - Overspeed:      2 (0.2%)
================================================================================


================================================================================
Space E Curriculum Status [Epoch 5800]
================================================================================
  Current Alpha:      0.2500 (Gravity: 0.0625g)
  Curriculum Status:  ❌ HOLD: Low Survival (0.01 < 0.8)
  Metrics (Accum.):   Survival=0.0071, Success=0.4644
  Sample Buffer:      982 episodes
--------------------------------------------------------------------------------
  Episode Reward:     33.32
  Episode Length:     70.71
  Mean Rot Angle:     2.24 rad
  Current Success:    0.4644 (456/982) rot>2.5
  Termination Dist:   Total=982
    - Max Steps:      0 (0.0%)
    - Drop (Low Z):   852 (86.8%)
    - Tilt (Fall):    123 (12.5%)
    - Overspeed:      7 (0.7%)
================================================================================


================================================================================
Space E Curriculum Status [Epoch 5900]
================================================================================
  Current Alpha:      0.2500 (Gravity: 0.0625g)
  Curriculum Status:  ❌ HOLD: Low Survival (0.01 < 0.8)
  Metrics (Accum.):   Survival=0.0063, Success=0.4610
  Sample Buffer:      948 episodes
--------------------------------------------------------------------------------
  Episode Reward:     33.66
  Episode Length:     71.44
  Mean Rot Angle:     2.25 rad
  Current Success:    0.4610 (437/948) rot>2.5
  Termination Dist:   Total=948
    - Max Steps:      0 (0.0%)
    - Drop (Low Z):   825 (87.0%)
    - Tilt (Fall):    117 (12.3%)
    - Overspeed:      6 (0.6%)
================================================================================


================================================================================
Space E Curriculum Status [Epoch 6000]
================================================================================
  Current Alpha:      0.2500 (Gravity: 0.0625g)
  Curriculum Status:  ❌ HOLD: Low Survival (0.01 < 0.8)
  Metrics (Accum.):   Survival=0.0058, Success=0.4411
  Sample Buffer:      866 episodes
--------------------------------------------------------------------------------
  Episode Reward:     33.97
  Episode Length:     71.79
  Mean Rot Angle:     2.26 rad
  Current Success:    0.4411 (382/866) rot>2.5
  Termination Dist:   Total=866
    - Max Steps:      0 (0.0%)
    - Drop (Low Z):   757 (87.4%)
    - Tilt (Fall):    104 (12.0%)
    - Overspeed:      5 (0.6%)
================================================================================


================================================================================
Space E Curriculum Status [Epoch 6100]
================================================================================
  Current Alpha:      0.2500 (Gravity: 0.0625g)
  Curriculum Status:  ❌ HOLD: Low Survival (0.01 < 0.8)
  Metrics (Accum.):   Survival=0.0084, Success=0.4674
  Sample Buffer:      950 episodes
--------------------------------------------------------------------------------
  Episode Reward:     33.58
  Episode Length:     71.42
  Mean Rot Angle:     2.23 rad
  Current Success:    0.4674 (444/950) rot>2.5
  Termination Dist:   Total=950
    - Max Steps:      0 (0.0%)
    - Drop (Low Z):   819 (86.2%)
    - Tilt (Fall):    123 (12.9%)
    - Overspeed:      8 (0.8%)
================================================================================


================================================================================
Space E Curriculum Status [Epoch 6200]
================================================================================
  Current Alpha:      0.2500 (Gravity: 0.0625g)
  Curriculum Status:  ❌ HOLD: Low Survival (0.01 < 0.8)
  Metrics (Accum.):   Survival=0.0091, Success=0.5051
  Sample Buffer:      875 episodes
--------------------------------------------------------------------------------
  Episode Reward:     33.55
  Episode Length:     71.90
  Mean Rot Angle:     2.23 rad
  Current Success:    0.5051 (442/875) rot>2.5
  Termination Dist:   Total=875
    - Max Steps:      0 (0.0%)
    - Drop (Low Z):   745 (85.1%)
    - Tilt (Fall):    122 (13.9%)
    - Overspeed:      8 (0.9%)
================================================================================


================================================================================
Space E Curriculum Status [Epoch 6300]
================================================================================
  Current Alpha:      0.2500 (Gravity: 0.0625g)
  Curriculum Status:  ❌ HOLD: Low Survival (0.01 < 0.8)
  Metrics (Accum.):   Survival=0.0074, Success=0.4720
  Sample Buffer:      947 episodes
--------------------------------------------------------------------------------
  Episode Reward:     33.04
  Episode Length:     70.40
  Mean Rot Angle:     2.24 rad
  Current Success:    0.4720 (447/947) rot>2.5
  Termination Dist:   Total=947
    - Max Steps:      0 (0.0%)
    - Drop (Low Z):   817 (86.3%)
    - Tilt (Fall):    123 (13.0%)
    - Overspeed:      7 (0.7%)
================================================================================


================================================================================
Space E Curriculum Status [Epoch 6400]
================================================================================
  Current Alpha:      0.2500 (Gravity: 0.0625g)
  Curriculum Status:  ❌ HOLD: Low Survival (0.00 < 0.8)
  Metrics (Accum.):   Survival=0.0044, Success=0.4639
  Sample Buffer:      914 episodes
--------------------------------------------------------------------------------
  Episode Reward:     33.50
  Episode Length:     71.30
  Mean Rot Angle:     2.25 rad
  Current Success:    0.4639 (424/914) rot>2.5
  Termination Dist:   Total=914
    - Max Steps:      0 (0.0%)
    - Drop (Low Z):   789 (86.3%)
    - Tilt (Fall):    121 (13.2%)
    - Overspeed:      4 (0.4%)
================================================================================


================================================================================
Space E Curriculum Status [Epoch 6500]
================================================================================
  Current Alpha:      0.2500 (Gravity: 0.0625g)
  Curriculum Status:  ❌ HOLD: Low Survival (0.01 < 0.8)
  Metrics (Accum.):   Survival=0.0077, Success=0.4825
  Sample Buffer:      914 episodes
--------------------------------------------------------------------------------
  Episode Reward:     33.08
  Episode Length:     70.38
  Mean Rot Angle:     2.23 rad
  Current Success:    0.4825 (441/914) rot>2.5
  Termination Dist:   Total=914
    - Max Steps:      0 (0.0%)
    - Drop (Low Z):   775 (84.8%)
    - Tilt (Fall):    132 (14.4%)
    - Overspeed:      7 (0.8%)
================================================================================


================================================================================
Space E Curriculum Status [Epoch 6600]
================================================================================
  Current Alpha:      0.2500 (Gravity: 0.0625g)
  Curriculum Status:  ❌ HOLD: Low Survival (0.01 < 0.8)
  Metrics (Accum.):   Survival=0.0097, Success=0.4520
  Sample Buffer:      927 episodes
--------------------------------------------------------------------------------
  Episode Reward:     33.35
  Episode Length:     70.68
  Mean Rot Angle:     2.25 rad
  Current Success:    0.4520 (419/927) rot>2.5
  Termination Dist:   Total=927
    - Max Steps:      0 (0.0%)
    - Drop (Low Z):   770 (83.1%)
    - Tilt (Fall):    148 (16.0%)
    - Overspeed:      9 (1.0%)
================================================================================


================================================================================
Space E Curriculum Status [Epoch 6700]
================================================================================
  Current Alpha:      0.2500 (Gravity: 0.0625g)
  Curriculum Status:  ❌ HOLD: Low Survival (0.01 < 0.8)
  Metrics (Accum.):   Survival=0.0081, Success=0.5069
  Sample Buffer:      864 episodes
--------------------------------------------------------------------------------
  Episode Reward:     34.02
  Episode Length:     72.42
  Mean Rot Angle:     2.29 rad
  Current Success:    0.5069 (438/864) rot>2.5
  Termination Dist:   Total=864
    - Max Steps:      0 (0.0%)
    - Drop (Low Z):   748 (86.6%)
    - Tilt (Fall):    109 (12.6%)
    - Overspeed:      7 (0.8%)
================================================================================


================================================================================
Space E Curriculum Status [Epoch 6800]
================================================================================
  Current Alpha:      0.2500 (Gravity: 0.0625g)
  Curriculum Status:  ❌ HOLD: Low Survival (0.00 < 0.8)
  Metrics (Accum.):   Survival=0.0011, Success=0.5028
  Sample Buffer:      891 episodes
--------------------------------------------------------------------------------
  Episode Reward:     34.25
  Episode Length:     72.91
  Mean Rot Angle:     2.29 rad
  Current Success:    0.5028 (448/891) rot>2.5
  Termination Dist:   Total=891
    - Max Steps:      0 (0.0%)
    - Drop (Low Z):   771 (86.5%)
    - Tilt (Fall):    119 (13.4%)
    - Overspeed:      1 (0.1%)
================================================================================


================================================================================
Space E Curriculum Status [Epoch 6900]
================================================================================
  Current Alpha:      0.2500 (Gravity: 0.0625g)
  Curriculum Status:  ❌ HOLD: Low Survival (0.01 < 0.8)
  Metrics (Accum.):   Survival=0.0118, Success=0.4861
  Sample Buffer:      932 episodes
--------------------------------------------------------------------------------
  Episode Reward:     34.53
  Episode Length:     73.22
  Mean Rot Angle:     2.31 rad
  Current Success:    0.4861 (453/932) rot>2.5
  Termination Dist:   Total=932
    - Max Steps:      0 (0.0%)
    - Drop (Low Z):   822 (88.2%)
    - Tilt (Fall):    99 (10.6%)
    - Overspeed:      11 (1.2%)
================================================================================


================================================================================
Space E Curriculum Status [Epoch 7000]
================================================================================
  Current Alpha:      0.2500 (Gravity: 0.0625g)
  Curriculum Status:  ❌ HOLD: Low Survival (0.01 < 0.8)
  Metrics (Accum.):   Survival=0.0126, Success=0.4851
  Sample Buffer:      874 episodes
--------------------------------------------------------------------------------
  Episode Reward:     34.26
  Episode Length:     72.92
  Mean Rot Angle:     2.31 rad
  Current Success:    0.4851 (424/874) rot>2.5
  Termination Dist:   Total=874
    - Max Steps:      0 (0.0%)
    - Drop (Low Z):   740 (84.7%)
    - Tilt (Fall):    123 (14.1%)
    - Overspeed:      11 (1.3%)
================================================================================


================================================================================
Space E Curriculum Status [Epoch 7100]
================================================================================
  Current Alpha:      0.2500 (Gravity: 0.0625g)
  Curriculum Status:  ❌ HOLD: Low Survival (0.01 < 0.8)
  Metrics (Accum.):   Survival=0.0067, Success=0.5129
  Sample Buffer:      889 episodes
--------------------------------------------------------------------------------
  Episode Reward:     34.86
  Episode Length:     73.77
  Mean Rot Angle:     2.33 rad
  Current Success:    0.5129 (456/889) rot>2.5
  Termination Dist:   Total=889
    - Max Steps:      0 (0.0%)
    - Drop (Low Z):   787 (88.5%)
    - Tilt (Fall):    96 (10.8%)
    - Overspeed:      6 (0.7%)
================================================================================


================================================================================
Space E Curriculum Status [Epoch 7200]
================================================================================
  Current Alpha:      0.2500 (Gravity: 0.0625g)
  Curriculum Status:  ❌ HOLD: Low Survival (0.01 < 0.8)
  Metrics (Accum.):   Survival=0.0067, Success=0.4815
  Sample Buffer:      891 episodes
--------------------------------------------------------------------------------
  Episode Reward:     34.91
  Episode Length:     73.72
  Mean Rot Angle:     2.34 rad
  Current Success:    0.4815 (429/891) rot>2.5
  Termination Dist:   Total=891
    - Max Steps:      0 (0.0%)
    - Drop (Low Z):   765 (85.9%)
    - Tilt (Fall):    120 (13.5%)
    - Overspeed:      6 (0.7%)
================================================================================


================================================================================
Space E Curriculum Status [Epoch 7300]
================================================================================
  Current Alpha:      0.2500 (Gravity: 0.0625g)
  Curriculum Status:  ❌ HOLD: Low Survival (0.01 < 0.8)
  Metrics (Accum.):   Survival=0.0064, Success=0.5011
  Sample Buffer:      942 episodes
--------------------------------------------------------------------------------
  Episode Reward:     34.86
  Episode Length:     73.79
  Mean Rot Angle:     2.33 rad
  Current Success:    0.5011 (472/942) rot>2.5
  Termination Dist:   Total=942
    - Max Steps:      0 (0.0%)
    - Drop (Low Z):   823 (87.4%)
    - Tilt (Fall):    113 (12.0%)
    - Overspeed:      6 (0.6%)
================================================================================


================================================================================
Space E Curriculum Status [Epoch 7400]
================================================================================
  Current Alpha:      0.2500 (Gravity: 0.0625g)
  Curriculum Status:  ❌ HOLD: Low Survival (0.00 < 0.8)
  Metrics (Accum.):   Survival=0.0043, Success=0.4513
  Sample Buffer:      935 episodes
--------------------------------------------------------------------------------
  Episode Reward:     35.58
  Episode Length:     75.24
  Mean Rot Angle:     2.36 rad
  Current Success:    0.4513 (422/935) rot>2.5
  Termination Dist:   Total=935
    - Max Steps:      0 (0.0%)
    - Drop (Low Z):   799 (85.5%)
    - Tilt (Fall):    132 (14.1%)
    - Overspeed:      4 (0.4%)
================================================================================


================================================================================
Space E Curriculum Status [Epoch 7500]
================================================================================
  Current Alpha:      0.2500 (Gravity: 0.0625g)
  Curriculum Status:  ❌ HOLD: Low Survival (0.01 < 0.8)
  Metrics (Accum.):   Survival=0.0120, Success=0.4477
  Sample Buffer:      831 episodes
--------------------------------------------------------------------------------
  Episode Reward:     34.71
  Episode Length:     73.74
  Mean Rot Angle:     2.31 rad
  Current Success:    0.4477 (372/831) rot>2.5
  Termination Dist:   Total=831
    - Max Steps:      0 (0.0%)
    - Drop (Low Z):   700 (84.2%)
    - Tilt (Fall):    121 (14.6%)
    - Overspeed:      10 (1.2%)
================================================================================


================================================================================
Space E Curriculum Status [Epoch 7600]
================================================================================
  Current Alpha:      0.2500 (Gravity: 0.0625g)
  Curriculum Status:  ❌ HOLD: Low Survival (0.01 < 0.8)
  Metrics (Accum.):   Survival=0.0057, Success=0.4966
  Sample Buffer:      882 episodes
--------------------------------------------------------------------------------
  Episode Reward:     35.04
  Episode Length:     74.03
  Mean Rot Angle:     2.33 rad
  Current Success:    0.4966 (438/882) rot>2.5
  Termination Dist:   Total=882
    - Max Steps:      0 (0.0%)
    - Drop (Low Z):   764 (86.6%)
    - Tilt (Fall):    113 (12.8%)
    - Overspeed:      5 (0.6%)
================================================================================

max steps achieved
Final best reward: 35.83
Final success rate: 0.5708
Final mean rotation angle (rad): 2.3347

OPTUNA_METRICS: reward=35.8263 success_rate=0.5708 mean_rot_angle=2.3347
