==========================================
启动命令
==========================================
完整命令:
CUDA_VISIBLE_DEVICES=0 \
python train.py task=LinkerHandHora headless=True seed=42 \
  train.ppo.output_name=LinkerHandHora/spaceE_curriculum_waypointfixed_0.25_20251208_174149 \
  train.algo=PPOTeacher \
  task.env.grasp_cache_name=3_30000_49_nofly \
  task.env.flyingHand.enabled=False \
  task.env.asset.handAsset='assets/linker_hand/L25_dof_urdf.urdf' \
  task.env.numActions=21 \
  task.env.numObservations=126 \
  train.ppo.max_agent_steps=10000000000 \
  task.env.initPoseMode=low \
  task.env.relative_z_drop_threshold=0.04 \
  task.env.pencil_tilt_threshold=0.04 \
  
==========================================

Importing module 'gym_38' (/home/user/Code/isaacgym/python/isaacgym/_bindings/linux-x86_64/gym_38.so)
Setting GYM_USD_PLUG_INFO_PATH to /home/user/Code/isaacgym/python/isaacgym/_bindings/linux-x86_64/usd/plugInfo.json
Gym has been unmaintained since 2022 and does not support NumPy 2.0 amongst other critical functionality.
Please upgrade to Gymnasium, the maintained drop-in replacement of Gym, or contact the authors of your software and request that they upgrade.
Users of this version of Gym should be able to simply replace 'import gym' with 'import gymnasium as gym' in the vast majority of cases.
See the migration guide at https://gymnasium.farama.org/introduction/migration_guide/ for additional information.
PyTorch version 2.4.1
Device count 1
/home/user/Code/isaacgym/python/isaacgym/_bindings/src/gymtorch
Using /home/user/.cache/torch_extensions/py38_cu121 as PyTorch extensions root...
Emitting ninja build file /home/user/.cache/torch_extensions/py38_cu121/gymtorch/build.ninja...
Building extension module gymtorch...
Allowing ninja to set a default number of workers... (overridable by setting the environment variable MAX_JOBS=N)
ninja: no work to do.
Loading extension module gymtorch...
Could not override 'task.env.reward.ema_alpha'.
To append to your config use +task.env.reward.ema_alpha=0.15
Key 'ema_alpha' is not in struct
    full_key: task.env.reward.ema_alpha
    object_type=dict

Set the environment variable HYDRA_FULL_ERROR=1 for a complete stack trace.
